Archive member included to satisfy reference by file (symbol)

c:/program files (x86)/atmel/studio/7.0/toolchain/arm/arm-gnu-toolchain/bin/../lib/gcc/arm-none-eabi/6.3.1/../../../../arm-none-eabi/lib/thumb/v7e-m\libc_nano.a(lib_a-exit.o)
                              c:/program files (x86)/atmel/studio/7.0/toolchain/arm/arm-gnu-toolchain/bin/../lib/gcc/arm-none-eabi/6.3.1/../../../../arm-none-eabi/lib/thumb/v7e-m/crt0.o (exit)
c:/program files (x86)/atmel/studio/7.0/toolchain/arm/arm-gnu-toolchain/bin/../lib/gcc/arm-none-eabi/6.3.1/../../../../arm-none-eabi/lib/thumb/v7e-m\libc_nano.a(lib_a-impure.o)
                              c:/program files (x86)/atmel/studio/7.0/toolchain/arm/arm-gnu-toolchain/bin/../lib/gcc/arm-none-eabi/6.3.1/../../../../arm-none-eabi/lib/thumb/v7e-m\libc_nano.a(lib_a-exit.o) (_global_impure_ptr)
c:/program files (x86)/atmel/studio/7.0/toolchain/arm/arm-gnu-toolchain/bin/../lib/gcc/arm-none-eabi/6.3.1/../../../../arm-none-eabi/lib/thumb/v7e-m\libc_nano.a(lib_a-init.o)
                              c:/program files (x86)/atmel/studio/7.0/toolchain/arm/arm-gnu-toolchain/bin/../lib/gcc/arm-none-eabi/6.3.1/../../../../arm-none-eabi/lib/thumb/v7e-m/crt0.o (__libc_init_array)
c:/program files (x86)/atmel/studio/7.0/toolchain/arm/arm-gnu-toolchain/bin/../lib/gcc/arm-none-eabi/6.3.1/../../../../arm-none-eabi/lib/thumb/v7e-m\libc_nano.a(lib_a-memset.o)
                              c:/program files (x86)/atmel/studio/7.0/toolchain/arm/arm-gnu-toolchain/bin/../lib/gcc/arm-none-eabi/6.3.1/../../../../arm-none-eabi/lib/thumb/v7e-m/crt0.o (memset)
c:/program files (x86)/atmel/studio/7.0/toolchain/arm/arm-gnu-toolchain/bin/../lib/gcc/arm-none-eabi/6.3.1/../../../../arm-none-eabi/lib/thumb/v7e-m\libc_nano.a(lib_a-nano-vfprintf_float.o)
                              (_printf_float)
c:/program files (x86)/atmel/studio/7.0/toolchain/arm/arm-gnu-toolchain/bin/../lib/gcc/arm-none-eabi/6.3.1/../../../../arm-none-eabi/lib/thumb/v7e-m\libc_nano.a(lib_a-nano-vfprintf_i.o)
                              c:/program files (x86)/atmel/studio/7.0/toolchain/arm/arm-gnu-toolchain/bin/../lib/gcc/arm-none-eabi/6.3.1/../../../../arm-none-eabi/lib/thumb/v7e-m\libc_nano.a(lib_a-nano-vfprintf_float.o) (_printf_common)
c:/program files (x86)/atmel/studio/7.0/toolchain/arm/arm-gnu-toolchain/bin/../lib/gcc/arm-none-eabi/6.3.1/../../../../arm-none-eabi/lib/thumb/v7e-m\libc_nano.a(lib_a-sprintf.o)
                              src/ASF/sam/components/display/c42412a/c42412a_lcdca.o (sprintf)
c:/program files (x86)/atmel/studio/7.0/toolchain/arm/arm-gnu-toolchain/bin/../lib/gcc/arm-none-eabi/6.3.1/../../../../arm-none-eabi/lib/thumb/v7e-m\libc_nano.a(lib_a-strlen.o)
                              c:/program files (x86)/atmel/studio/7.0/toolchain/arm/arm-gnu-toolchain/bin/../lib/gcc/arm-none-eabi/6.3.1/../../../../arm-none-eabi/lib/thumb/v7e-m\libc_nano.a(lib_a-nano-vfprintf_float.o) (strlen)
c:/program files (x86)/atmel/studio/7.0/toolchain/arm/arm-gnu-toolchain/bin/../lib/gcc/arm-none-eabi/6.3.1/../../../../arm-none-eabi/lib/thumb/v7e-m\libc_nano.a(lib_a-dtoa.o)
                              c:/program files (x86)/atmel/studio/7.0/toolchain/arm/arm-gnu-toolchain/bin/../lib/gcc/arm-none-eabi/6.3.1/../../../../arm-none-eabi/lib/thumb/v7e-m\libc_nano.a(lib_a-nano-vfprintf_float.o) (_dtoa_r)
c:/program files (x86)/atmel/studio/7.0/toolchain/arm/arm-gnu-toolchain/bin/../lib/gcc/arm-none-eabi/6.3.1/../../../../arm-none-eabi/lib/thumb/v7e-m\libc_nano.a(lib_a-localeconv.o)
                              c:/program files (x86)/atmel/studio/7.0/toolchain/arm/arm-gnu-toolchain/bin/../lib/gcc/arm-none-eabi/6.3.1/../../../../arm-none-eabi/lib/thumb/v7e-m\libc_nano.a(lib_a-nano-vfprintf_float.o) (_localeconv_r)
c:/program files (x86)/atmel/studio/7.0/toolchain/arm/arm-gnu-toolchain/bin/../lib/gcc/arm-none-eabi/6.3.1/../../../../arm-none-eabi/lib/thumb/v7e-m\libc_nano.a(lib_a-malloc.o)
                              c:/program files (x86)/atmel/studio/7.0/toolchain/arm/arm-gnu-toolchain/bin/../lib/gcc/arm-none-eabi/6.3.1/../../../../arm-none-eabi/lib/thumb/v7e-m\libc_nano.a(lib_a-dtoa.o) (malloc)
c:/program files (x86)/atmel/studio/7.0/toolchain/arm/arm-gnu-toolchain/bin/../lib/gcc/arm-none-eabi/6.3.1/../../../../arm-none-eabi/lib/thumb/v7e-m\libc_nano.a(lib_a-memchr.o)
                              c:/program files (x86)/atmel/studio/7.0/toolchain/arm/arm-gnu-toolchain/bin/../lib/gcc/arm-none-eabi/6.3.1/../../../../arm-none-eabi/lib/thumb/v7e-m\libc_nano.a(lib_a-nano-vfprintf_i.o) (memchr)
c:/program files (x86)/atmel/studio/7.0/toolchain/arm/arm-gnu-toolchain/bin/../lib/gcc/arm-none-eabi/6.3.1/../../../../arm-none-eabi/lib/thumb/v7e-m\libc_nano.a(lib_a-memcpy-stub.o)
                              c:/program files (x86)/atmel/studio/7.0/toolchain/arm/arm-gnu-toolchain/bin/../lib/gcc/arm-none-eabi/6.3.1/../../../../arm-none-eabi/lib/thumb/v7e-m\libc_nano.a(lib_a-dtoa.o) (memcpy)
[...]
Memory Configuration

Name             Origin             Length             Attributes
rom              0x00000000         0x00040000         xr
ram              0x20000000         0x00008000         xrw
*default*        0x00000000         0xffffffff

Linker script and memory map

LOAD c:/program files (x86)/atmel/studio/7.0/toolchain/arm/arm-gnu-toolchain/bin/../lib/gcc/arm-none-eabi/6.3.1/thumb/v7e-m/crti.o
LOAD c:/program files (x86)/atmel/studio/7.0/toolchain/arm/arm-gnu-toolchain/bin/../lib/gcc/arm-none-eabi/6.3.1/thumb/v7e-m/crtbegin.o
LOAD c:/program files (x86)/atmel/studio/7.0/toolchain/arm/arm-gnu-toolchain/bin/../lib/gcc/arm-none-eabi/6.3.1/../../../../arm-none-eabi/lib/thumb/v7e-m/crt0.o
LOAD src/ASF/common/services/sleepmgr/sam4l/sleepmgr.o
LOAD src/ASF/common/utils/stdio/read.o
LOAD src/ASF/sam/drivers/gpio/gpio.o
LOAD src/ASF/sam/drivers/tc/tc.o
LOAD src/ASF/sam/drivers/twim/twim.o
LOAD src/ASF/sam/drivers/usart/usart.o
LOAD src/ASF/sam/components/display/c42412a/c42412a_lcdca.o
LOAD src/ASF/common/utils/stdio/write.o
LOAD src/ASF/common/services/serial/usart_serial.o
LOAD src/ASF/sam/drivers/pdca/pdca.o
LOAD src/ASF/sam/drivers/lcdca/lcdca.o
LOAD src/ASF/common/services/clock/sam4l/dfll.o
LOAD src/ASF/common/services/clock/sam4l/osc.o
LOAD src/ASF/common/services/clock/sam4l/pll.o
LOAD src/ASF/common/services/clock/sam4l/sysclk.o
LOAD src/ASF/common/utils/interrupt/interrupt_sam_nvic.o
LOAD src/ASF/sam/boards/sam4l8_xplained_pro/init.o
LOAD src/ASF/sam/drivers/bpm/bpm.o
LOAD src/ASF/sam/drivers/flashcalw/flashcalw.o
LOAD src/ASF/sam/drivers/wdt/wdt_sam4l.o
LOAD src/ASF/sam/utils/cmsis/sam4l/source/templates/exceptions.o
LOAD src/ASF/sam/utils/cmsis/sam4l/source/templates/gcc/startup_sam4l.o
LOAD src/ASF/sam/utils/cmsis/sam4l/source/templates/system_sam4l.o
LOAD src/ASF/sam/utils/syscalls/gcc/syscalls.o
LOAD src/main.o
START GROUP
LOAD ../src/ASF/thirdparty/CMSIS/Lib/GCC\libarm_cortexM4l_math.a
LOAD c:/program files (x86)/atmel/studio/7.0/toolchain/arm/arm-gnu-toolchain/bin/../lib/gcc/arm-none-eabi/6.3.1/../../../../arm-none-eabi/lib/thumb/v7e-m\libm.a
END GROUP
LOAD c:/program files (x86)/atmel/studio/7.0/toolchain/arm/arm-gnu-toolchain/bin/../lib/gcc/arm-none-eabi/6.3.1/../../../../arm-none-eabi/lib/thumb/v7e-m\libc_nano.a
START GROUP
LOAD c:/program files (x86)/atmel/studio/7.0/toolchain/arm/arm-gnu-toolchain/bin/../lib/gcc/arm-none-eabi/6.3.1/thumb/v7e-m\libgcc.a
LOAD c:/program files (x86)/atmel/studio/7.0/toolchain/arm/arm-gnu-toolchain/bin/../lib/gcc/arm-none-eabi/6.3.1/../../../../arm-none-eabi/lib/thumb/v7e-m\libc_nano.a
END GROUP
START GROUP
LOAD c:/program files (x86)/atmel/studio/7.0/toolchain/arm/arm-gnu-toolchain/bin/../lib/gcc/arm-none-eabi/6.3.1/thumb/v7e-m\libgcc.a
LOAD c:/program files (x86)/atmel/studio/7.0/toolchain/arm/arm-gnu-toolchain/bin/../lib/gcc/arm-none-eabi/6.3.1/../../../../arm-none-eabi/lib/thumb/v7e-m\libc_nano.a
END GROUP
LOAD c:/program files (x86)/atmel/studio/7.0/toolchain/arm/arm-gnu-toolchain/bin/../lib/gcc/arm-none-eabi/6.3.1/thumb/v7e-m/crtend.o
LOAD c:/program files (x86)/atmel/studio/7.0/toolchain/arm/arm-gnu-toolchain/bin/../lib/gcc/arm-none-eabi/6.3.1/thumb/v7e-m/crtn.o
                0x00001000                __stack_size__ = DEFINED (__stack_size__)?__stack_size__:0x1000
                0x20007ffc                __ram_end__ = ((ORIGIN (ram) + LENGTH (ram)) - 0x4)

.text           0x00000000     0x7a78
                0x00000000                . = ALIGN (0x4)
                0x00000000                _sfixed = .
 *(.vectors .vectors.*)
 .vectors       0x00000000      0x180 src/ASF/sam/utils/cmsis/sam4l/source/templates/gcc/startup_sam4l.o
                0x00000000                exception_table
 *(.text .text.* .gnu.linkonce.t.*)
 .text          0x00000180       0x6c c:/program files (x86)/atmel/studio/7.0/toolchain/arm/arm-gnu-toolchain/bin/../lib/gcc/arm-none-eabi/6.3.1/thumb/v7e-m/crtbegin.o
 .text.ioport_pin_to_port_id
                0x000001ec       0x1c src/ASF/sam/drivers/gpio/gpio.o
 .text.ioport_pin_to_mask
                0x00000208       0x24 src/ASF/sam/drivers/gpio/gpio.o
 .text.gpio_common_handler
                0x0000022c       0x9c src/ASF/sam/drivers/gpio/gpio.o
 .text.GPIO_0_Handler
                0x000002c8       0x14 src/ASF/sam/drivers/gpio/gpio.o
                0x000002c8                GPIO_0_Handler
 .text.GPIO_1_Handler
                0x000002dc       0x18 src/ASF/sam/drivers/gpio/gpio.o
                0x000002dc                GPIO_1_Handler
 .text.GPIO_2_Handler
                0x000002f4       0x18 src/ASF/sam/drivers/gpio/gpio.o
                0x000002f4                GPIO_2_Handler
 .text.GPIO_3_Handler
                0x0000030c       0x18 src/ASF/sam/drivers/gpio/gpio.o
                0x0000030c                GPIO_3_Handler
 .text.GPIO_4_Handler
                0x00000324       0x14 src/ASF/sam/drivers/gpio/gpio.o
                0x00000324                GPIO_4_Handler
 .text.GPIO_5_Handler
                0x00000338       0x18 src/ASF/sam/drivers/gpio/gpio.o
                0x00000338                GPIO_5_Handler
 .text.GPIO_6_Handler
                0x00000350       0x18 src/ASF/sam/drivers/gpio/gpio.o
                0x00000350                GPIO_6_Handler
 .text.GPIO_7_Handler
                0x00000368       0x18 src/ASF/sam/drivers/gpio/gpio.o
                0x00000368                GPIO_7_Handler
 .text.GPIO_8_Handler
                0x00000380       0x14 src/ASF/sam/drivers/gpio/gpio.o
                0x00000380                GPIO_8_Handler
 .text.GPIO_9_Handler
                0x00000394       0x18 src/ASF/sam/drivers/gpio/gpio.o
                0x00000394                GPIO_9_Handler
 .text.GPIO_10_Handler
                0x000003ac       0x18 src/ASF/sam/drivers/gpio/gpio.o
                0x000003ac                GPIO_10_Handler
 .text.GPIO_11_Handler
                0x000003c4       0x18 src/ASF/sam/drivers/gpio/gpio.o
                0x000003c4                GPIO_11_Handler
 .text.tc_get_status
                0x000003dc       0x22 src/ASF/sam/drivers/tc/tc.o
                0x000003dc                tc_get_status
 *fill*         0x000003fe        0x2 
 .text.__NVIC_EnableIRQ
                0x00000400       0x38 src/ASF/sam/drivers/twim/twim.o
 .text.__NVIC_ClearPendingIRQ
                0x00000438       0x3c src/ASF/sam/drivers/twim/twim.o
 .text.__NVIC_SetPriority
                0x00000474       0x54 src/ASF/sam/drivers/twim/twim.o
 .text.cpu_irq_save
                0x000004c8       0x38 src/ASF/sam/drivers/twim/twim.o
 .text.cpu_irq_is_enabled_flags
                0x00000500       0x1e src/ASF/sam/drivers/twim/twim.o
 *fill*         0x0000051e        0x2 
 .text.cpu_irq_restore
                0x00000520       0x30 src/ASF/sam/drivers/twim/twim.o
 .text.sleepmgr_sleep
                0x00000550       0x34 src/ASF/sam/drivers/twim/twim.o
 .text.sleepmgr_init
                0x00000584       0x34 src/ASF/sam/drivers/twim/twim.o
 .text.sleepmgr_lock_mode
                0x000005b8       0x44 src/ASF/sam/drivers/twim/twim.o
 .text.sleepmgr_unlock_mode
                0x000005fc       0x44 src/ASF/sam/drivers/twim/twim.o
 .text.sleepmgr_get_sleep_mode
                0x00000640       0x34 src/ASF/sam/drivers/twim/twim.o
 .text.sleepmgr_enter_sleep
                0x00000674       0x48 src/ASF/sam/drivers/twim/twim.o
 .text.find_twim_channel_num
                0x000006bc       0x54 src/ASF/sam/drivers/twim/twim.o
 .text.twim_default_callback
                0x00000710      0x484 src/ASF/sam/drivers/twim/twim.o
                0x00000710                twim_default_callback
 .text.twim_set_speed
                0x00000b94       0x86 src/ASF/sam/drivers/twim/twim.o
                0x00000b94                twim_set_speed
 .text.twim_set_hsmode_speed
                0x00000c1a       0x86 src/ASF/sam/drivers/twim/twim.o
                0x00000c1a                twim_set_hsmode_speed
 .text.twim_set_config
                0x00000ca0      0x130 src/ASF/sam/drivers/twim/twim.o
                0x00000ca0                twim_set_config
 .text.twim_enable_interrupt
                0x00000dd0       0x1a src/ASF/sam/drivers/twim/twim.o
                0x00000dd0                twim_enable_interrupt
 *fill*         0x00000dea        0x2 
 .text.twi_master_read
                0x00000dec      0x4f0 src/ASF/sam/drivers/twim/twim.o
                0x00000dec                twi_master_read
 .text.twi_master_write
                0x000012dc      0x280 src/ASF/sam/drivers/twim/twim.o
                0x000012dc                twi_master_write
 .text.twim_get_status
                0x0000155c       0x16 src/ASF/sam/drivers/twim/twim.o
                0x0000155c                twim_get_status
 *fill*         0x00001572        0x2 
 .text.twim_set_callback
                0x00001574       0xb0 src/ASF/sam/drivers/twim/twim.o
                0x00001574                twim_set_callback
 .text.TWIM0_Handler
                0x00001624       0x18 src/ASF/sam/drivers/twim/twim.o
                0x00001624                TWIM0_Handler
 .text.TWIM1_Handler
                0x0000163c       0x18 src/ASF/sam/drivers/twim/twim.o
                0x0000163c                TWIM1_Handler
 .text.TWIM2_Handler
                0x00001654       0x18 src/ASF/sam/drivers/twim/twim.o
                0x00001654                TWIM2_Handler
 .text.TWIM3_Handler
                0x0000166c       0x18 src/ASF/sam/drivers/twim/twim.o
                0x0000166c                TWIM3_Handler
 .text.lcdca_clear_display_memory
                0x00001684       0x18 src/ASF/sam/components/display/c42412a/c42412a_lcdca.o
 .text.lcdca_blink_disable
                0x0000169c       0x18 src/ASF/sam/components/display/c42412a/c42412a_lcdca.o
 .text.lcdca_automated_char_stop
                0x000016b4       0x24 src/ASF/sam/components/display/c42412a/c42412a_lcdca.o
 .text.lcdca_circular_shift_disable
                0x000016d8       0x18 src/ASF/sam/components/display/c42412a/c42412a_lcdca.o
 .text.c42412a_init
                0x000016f0       0x6c src/ASF/sam/components/display/c42412a/c42412a_lcdca.o
                0x000016f0                c42412a_init
 .text.c42412a_clear_all
                0x0000175c       0x28 src/ASF/sam/components/display/c42412a/c42412a_lcdca.o
                0x0000175c                c42412a_clear_all
 .text.c42412a_show_text
                0x00001784       0x24 src/ASF/sam/components/display/c42412a/c42412a_lcdca.o
                0x00001784                c42412a_show_text
 .text.c42412a_show_icon
                0x000017a8       0x40 src/ASF/sam/components/display/c42412a/c42412a_lcdca.o
                0x000017a8                c42412a_show_icon
 .text.c42412a_show_wireless
                0x000017e8       0x64 src/ASF/sam/components/display/c42412a/c42412a_lcdca.o
                0x000017e8                c42412a_show_wireless
 .text.c42412a_show_numeric_dec
                0x0000184c       0x98 src/ASF/sam/components/display/c42412a/c42412a_lcdca.o
                0x0000184c                c42412a_show_numeric_dec
 .text.pdca_channel_get_handler
                0x000018e4       0x2e src/ASF/sam/drivers/pdca/pdca.o
                0x000018e4                pdca_channel_get_handler
 *fill*         0x00001912        0x2 
 .text.pdca_get_channel_status
                0x00001914       0x68 src/ASF/sam/drivers/pdca/pdca.o
                0x00001914                pdca_get_channel_status
 .text.pdca_channel_disable
                0x0000197c       0x28 src/ASF/sam/drivers/pdca/pdca.o
                0x0000197c                pdca_channel_disable
 .text.pdca_channel_interrupt
                0x000019a4       0x40 src/ASF/sam/drivers/pdca/pdca.o
 .text.PDCA_0_Handler
                0x000019e4       0x14 src/ASF/sam/drivers/pdca/pdca.o
                0x000019e4                PDCA_0_Handler
 .text.PDCA_1_Handler
                0x000019f8       0x14 src/ASF/sam/drivers/pdca/pdca.o
                0x000019f8                PDCA_1_Handler
 .text.PDCA_2_Handler
                0x00001a0c       0x14 src/ASF/sam/drivers/pdca/pdca.o
                0x00001a0c                PDCA_2_Handler
 .text.PDCA_3_Handler
                0x00001a20       0x14 src/ASF/sam/drivers/pdca/pdca.o
                0x00001a20                PDCA_3_Handler
 .text.PDCA_4_Handler
                0x00001a34       0x14 src/ASF/sam/drivers/pdca/pdca.o
                0x00001a34                PDCA_4_Handler
 .text.PDCA_5_Handler
                0x00001a48       0x14 src/ASF/sam/drivers/pdca/pdca.o
                0x00001a48                PDCA_5_Handler
 .text.PDCA_6_Handler
                0x00001a5c       0x14 src/ASF/sam/drivers/pdca/pdca.o
                0x00001a5c                PDCA_6_Handler
 .text.PDCA_7_Handler
                0x00001a70       0x14 src/ASF/sam/drivers/pdca/pdca.o
                0x00001a70                PDCA_7_Handler
 .text.PDCA_8_Handler
                0x00001a84       0x14 src/ASF/sam/drivers/pdca/pdca.o
                0x00001a84                PDCA_8_Handler
 .text.PDCA_9_Handler
                0x00001a98       0x14 src/ASF/sam/drivers/pdca/pdca.o
                0x00001a98                PDCA_9_Handler
 .text.PDCA_10_Handler
                0x00001aac       0x14 src/ASF/sam/drivers/pdca/pdca.o
                0x00001aac                PDCA_10_Handler
 .text.PDCA_11_Handler
                0x00001ac0       0x14 src/ASF/sam/drivers/pdca/pdca.o
                0x00001ac0                PDCA_11_Handler
 .text.PDCA_12_Handler
                0x00001ad4       0x14 src/ASF/sam/drivers/pdca/pdca.o
                0x00001ad4                PDCA_12_Handler
 .text.PDCA_13_Handler
                0x00001ae8       0x14 src/ASF/sam/drivers/pdca/pdca.o
                0x00001ae8                PDCA_13_Handler
 .text.PDCA_14_Handler
                0x00001afc       0x14 src/ASF/sam/drivers/pdca/pdca.o
                0x00001afc                PDCA_14_Handler
 .text.PDCA_15_Handler
                0x00001b10       0x14 src/ASF/sam/drivers/pdca/pdca.o
                0x00001b10                PDCA_15_Handler
 .text.cpu_irq_save
                0x00001b24       0x38 src/ASF/sam/drivers/lcdca/lcdca.o
 .text.cpu_irq_is_enabled_flags
                0x00001b5c       0x1e src/ASF/sam/drivers/lcdca/lcdca.o
 *fill*         0x00001b7a        0x2 
 .text.cpu_irq_restore
                0x00001b7c       0x30 src/ASF/sam/drivers/lcdca/lcdca.o
 .text.osc_enable
                0x00001bac       0x7c src/ASF/sam/drivers/lcdca/lcdca.o
 .text.osc_is_ready
                0x00001c28       0xc4 src/ASF/sam/drivers/lcdca/lcdca.o
 .text.osc_wait_ready
                0x00001cec       0x2c src/ASF/sam/drivers/lcdca/lcdca.o
 .text.lcdca_clear_status
                0x00001d18       0x18 src/ASF/sam/drivers/lcdca/lcdca.o
 .text.sleepmgr_lock_mode
                0x00001d30       0x44 src/ASF/sam/drivers/lcdca/lcdca.o
 .text.lcdca_clk_init
                0x00001d74       0x50 src/ASF/sam/drivers/lcdca/lcdca.o
                0x00001d74                lcdca_clk_init
 .text.lcdca_set_config
                0x00001dc4       0x9c src/ASF/sam/drivers/lcdca/lcdca.o
                0x00001dc4                lcdca_set_config
 .text.lcdca_enable
                0x00001e60       0x40 src/ASF/sam/drivers/lcdca/lcdca.o
                0x00001e60                lcdca_enable
 .text.lcdca_set_contrast
                0x00001ea0       0x5c src/ASF/sam/drivers/lcdca/lcdca.o
                0x00001ea0                lcdca_set_contrast
 .text.lcdca_enable_timer
                0x00001efc       0x6c src/ASF/sam/drivers/lcdca/lcdca.o
                0x00001efc                lcdca_enable_timer
 .text.lcdca_clear_blink_pixel
                0x00001f68       0x5c src/ASF/sam/drivers/lcdca/lcdca.o
                0x00001f68                lcdca_clear_blink_pixel
 .text.lcdca_write_packet
                0x00001fc4       0x68 src/ASF/sam/drivers/lcdca/lcdca.o
                0x00001fc4                lcdca_write_packet
 .text.lcdca_get_pixel_register
                0x0000202c       0xf8 src/ASF/sam/drivers/lcdca/lcdca.o
 .text.lcdca_set_pixel
                0x00002124       0xf4 src/ASF/sam/drivers/lcdca/lcdca.o
                0x00002124                lcdca_set_pixel
 .text.lcdca_clear_pixel
                0x00002218       0xfc src/ASF/sam/drivers/lcdca/lcdca.o
                0x00002218                lcdca_clear_pixel
 .text.LCDCA_Handler
                0x00002314       0x24 src/ASF/sam/drivers/lcdca/lcdca.o
                0x00002314                LCDCA_Handler
 .text.cpu_irq_save
                0x00002338       0x38 src/ASF/common/services/clock/sam4l/osc.o
 .text.cpu_irq_is_enabled_flags
                0x00002370       0x1e src/ASF/common/services/clock/sam4l/osc.o
 *fill*         0x0000238e        0x2 
 .text.cpu_irq_restore
                0x00002390       0x30 src/ASF/common/services/clock/sam4l/osc.o
 .text.osc_priv_enable_osc0
                0x000023c0       0x3c src/ASF/common/services/clock/sam4l/osc.o
                0x000023c0                osc_priv_enable_osc0
 .text.osc_priv_enable_osc32
                0x000023fc       0x3c src/ASF/common/services/clock/sam4l/osc.o
                0x000023fc                osc_priv_enable_osc32
 .text.osc_priv_enable_rc32k
                0x00002438       0x40 src/ASF/common/services/clock/sam4l/osc.o
                0x00002438                osc_priv_enable_rc32k
 .text.osc_priv_enable_rc1m
                0x00002478       0x40 src/ASF/common/services/clock/sam4l/osc.o
                0x00002478                osc_priv_enable_rc1m
 .text.osc_priv_enable_rc80m
                0x000024b8       0x40 src/ASF/common/services/clock/sam4l/osc.o
                0x000024b8                osc_priv_enable_rc80m
 .text.osc_priv_enable_rcfast
                0x000024f8       0x48 src/ASF/common/services/clock/sam4l/osc.o
                0x000024f8                osc_priv_enable_rcfast
 .text.cpu_irq_save
                0x00002540       0x38 src/ASF/common/services/clock/sam4l/sysclk.o
 .text.cpu_irq_is_enabled_flags
                0x00002578       0x1e src/ASF/common/services/clock/sam4l/sysclk.o
 *fill*         0x00002596        0x2 
 .text.cpu_irq_restore
                0x00002598       0x30 src/ASF/common/services/clock/sam4l/sysclk.o
 .text.sysclk_enable_hsb_module
                0x000025c8       0x1c src/ASF/common/services/clock/sam4l/sysclk.o
 .text.sysclk_disable_hsb_module
                0x000025e4       0x1c src/ASF/common/services/clock/sam4l/sysclk.o
 .text.sysclk_enable_pbc_module
                0x00002600       0x1c src/ASF/common/services/clock/sam4l/sysclk.o
 .text.sysclk_disable_pbc_module
                0x0000261c       0x1c src/ASF/common/services/clock/sam4l/sysclk.o
 .text.sysclk_enable_pbd_module
                0x00002638       0x1c src/ASF/common/services/clock/sam4l/sysclk.o
 .text.sysclk_disable_pbd_module
                0x00002654       0x1c src/ASF/common/services/clock/sam4l/sysclk.o
 .text.sysclk_enable_pba_divmask
                0x00002670       0x34 src/ASF/common/services/clock/sam4l/sysclk.o
 .text.sysclk_disable_pba_divmask
                0x000026a4       0x38 src/ASF/common/services/clock/sam4l/sysclk.o
 .text.sysclk_priv_enable_module
                0x000026dc       0x68 src/ASF/common/services/clock/sam4l/sysclk.o
                0x000026dc                sysclk_priv_enable_module
 .text.sysclk_priv_disable_module
                0x00002744       0x68 src/ASF/common/services/clock/sam4l/sysclk.o
                0x00002744                sysclk_priv_disable_module
 .text.sysclk_enable_pba_module
                0x000027ac       0x48 src/ASF/common/services/clock/sam4l/sysclk.o
                0x000027ac                sysclk_enable_pba_module
 .text.sysclk_disable_pba_module
                0x000027f4       0x48 src/ASF/common/services/clock/sam4l/sysclk.o
                0x000027f4                sysclk_disable_pba_module
 .text.sysclk_enable_pbb_module
                0x0000283c       0x48 src/ASF/common/services/clock/sam4l/sysclk.o
                0x0000283c                sysclk_enable_pbb_module
 .text.sysclk_disable_pbb_module
                0x00002884       0x48 src/ASF/common/services/clock/sam4l/sysclk.o
                0x00002884                sysclk_disable_pbb_module
 .text.sysclk_enable_peripheral_clock
                0x000028cc      0x430 src/ASF/common/services/clock/sam4l/sysclk.o
                0x000028cc                sysclk_enable_peripheral_clock
 .text.sysclk_disable_peripheral_clock
                0x00002cfc      0x41c src/ASF/common/services/clock/sam4l/sysclk.o
                0x00002cfc                sysclk_disable_peripheral_clock
 .text.sysclk_init
                0x00003118       0xa0 src/ASF/common/services/clock/sam4l/sysclk.o
                0x00003118                sysclk_init
 .text.ioport_init
                0x000031b8       0x18 src/ASF/sam/boards/sam4l8_xplained_pro/init.o
 .text.ioport_disable_pin
                0x000031d0       0x48 src/ASF/sam/boards/sam4l8_xplained_pro/init.o
 .text.ioport_set_pin_mode
                0x00003218      0x102 src/ASF/sam/boards/sam4l8_xplained_pro/init.o
 .text.ioport_set_pin_dir
                0x0000331a       0xee src/ASF/sam/boards/sam4l8_xplained_pro/init.o
 .text.ioport_set_pin_level
                0x00003408       0x86 src/ASF/sam/boards/sam4l8_xplained_pro/init.o
 *fill*         0x0000348e        0x2 
 .text.board_init
                0x00003490       0x94 src/ASF/sam/boards/sam4l8_xplained_pro/init.o
                0x00003490                board_init
 .text.cpu_irq_save
                0x00003524       0x38 src/ASF/sam/drivers/bpm/bpm.o
 .text.cpu_irq_is_enabled_flags
                0x0000355c       0x1e src/ASF/sam/drivers/bpm/bpm.o
 *fill*         0x0000357a        0x2 
 .text.cpu_irq_restore
                0x0000357c       0x30 src/ASF/sam/drivers/bpm/bpm.o
 .text.bpm_power_scaling_cpu_failsafe
                0x000035ac       0xa4 src/ASF/sam/drivers/bpm/bpm.o
                0x000035ac                bpm_power_scaling_cpu_failsafe
 .text.bpm_power_scaling_cpu
                0x00003650       0x58 src/ASF/sam/drivers/bpm/bpm.o
                0x00003650                bpm_power_scaling_cpu
 .text.bpm_set_clk32_source
                0x000036a8       0x48 src/ASF/sam/drivers/bpm/bpm.o
                0x000036a8                bpm_set_clk32_source
 .text.bpm_get_status
                0x000036f0       0x16 src/ASF/sam/drivers/bpm/bpm.o
                0x000036f0                bpm_get_status
 *fill*         0x00003706        0x2 
 .text.bpm_sleep
                0x00003708      0x148 src/ASF/sam/drivers/bpm/bpm.o
                0x00003708                bpm_sleep
 .text.sysclk_get_main_hz
                0x00003850       0x14 src/ASF/sam/drivers/wdt/wdt_sam4l.o
 .text.sysclk_get_cpu_hz
                0x00003864       0x14 src/ASF/sam/drivers/wdt/wdt_sam4l.o
 .text.wdt_set_ctrl
                0x00003878       0x80 src/ASF/sam/drivers/wdt/wdt_sam4l.o
 .text.wdt_get_config_defaults
                0x000038f8       0x42 src/ASF/sam/drivers/wdt/wdt_sam4l.o
                0x000038f8                wdt_get_config_defaults
 *fill*         0x0000393a        0x2 
 .text.wdt_init
                0x0000393c      0x104 src/ASF/sam/drivers/wdt/wdt_sam4l.o
                0x0000393c                wdt_init
 .text.wdt_disable
                0x00003a40       0x40 src/ASF/sam/drivers/wdt/wdt_sam4l.o
                0x00003a40                wdt_disable
 .text.Dummy_Handler
                0x00003a80        0x6 src/ASF/sam/utils/cmsis/sam4l/source/templates/exceptions.o
                0x00003a80                EIC_5_Handler
                0x00003a80                DACC_Handler
                0x00003a80                DebugMon_Handler
                0x00003a80                TRNG_Handler
                0x00003a80                HardFault_Handler
                0x00003a80                SPI_Handler
                0x00003a80                EIC_4_Handler
                0x00003a80                USART3_Handler
                0x00003a80                AST_PER_Handler
                0x00003a80                AST_CLKREADY_Handler
                0x00003a80                AST_OVF_Handler
                0x00003a80                PendSV_Handler
                0x00003a80                NMI_Handler
                0x00003a80                SCIF_Handler
                0x00003a80                CRCCU_Handler
                0x00003a80                USART0_Handler
                0x00003a80                EIC_3_Handler
                0x00003a80                UsageFault_Handler
                0x00003a80                TC12_Handler
                0x00003a80                BPM_Handler
                0x00003a80                PARC_Handler
                0x00003a80                WDT_Handler
                0x00003a80                EIC_8_Handler
                0x00003a80                TWIS0_Handler
                0x00003a80                TWIS1_Handler
                0x00003a80                AESA_Handler
                0x00003a80                Dummy_Handler
                0x00003a80                ABDACB_Handler
                0x00003a80                CATB_Handler
                0x00003a80                USART1_Handler
                0x00003a80                AST_READY_Handler
                0x00003a80                AST_ALARM_Handler
                0x00003a80                PM_Handler
                0x00003a80                TC11_Handler
                0x00003a80                ACIFC_Handler
                0x00003a80                TC02_Handler
                0x00003a80                MemManage_Handler
                0x00003a80                SVC_Handler
                0x00003a80                ADCIFE_Handler
                0x00003a80                EIC_2_Handler
                0x00003a80                PEVC_TR_Handler
                0x00003a80                USART2_Handler
                0x00003a80                EIC_6_Handler
                0x00003a80                TC10_Handler
                0x00003a80                EIC_1_Handler
                0x00003a80                EIC_7_Handler
                0x00003a80                HFLASHC_Handler
                0x00003a80                TC01_Handler
                0x00003a80                BSCIF_Handler
                0x00003a80                USBC_Handler
                0x00003a80                IISC_Handler
                0x00003a80                BusFault_Handler
                0x00003a80                FREQM_Handler
                0x00003a80                PEVC_OV_Handler
 *fill*         0x00003a86        0x2 
 .text.Reset_Handler
                0x00003a88       0x84 src/ASF/sam/utils/cmsis/sam4l/source/templates/gcc/startup_sam4l.o
                0x00003a88                Reset_Handler
 .text._sbrk    0x00003b0c       0x58 src/ASF/sam/utils/syscalls/gcc/syscalls.o
                0x00003b0c                _sbrk
 .text.__NVIC_SetPriority
                0x00003b64       0x54 src/main.o
 .text.SysTick_Config
                0x00003bb8       0x48 src/main.o
 .text.sysclk_get_main_hz
                0x00003c00       0x14 src/main.o
 .text.sysclk_get_cpu_hz
                0x00003c14       0x14 src/main.o
 .text.ioport_set_pin_mode
                0x00003c28      0x102 src/main.o
 .text.ioport_set_pin_dir
                0x00003d2a       0xee src/main.o
 .text.ioport_set_pin_level
                0x00003e18       0x86 src/main.o
 .text.ioport_get_pin_level
                0x00003e9e       0x4e src/main.o
 .text.check_gpio_input_state
                0x00003eec       0xc8 src/main.o
                0x00003eec                check_gpio_input_state
 .text.SysTick_Handler
                0x00003fb4       0x1c src/main.o
                0x00003fb4                SysTick_Handler
 .text.mdelay   0x00003fd0       0x3c src/main.o
                0x00003fd0                mdelay
 .text.TC00_Handler
                0x0000400c       0x48 src/main.o
                0x0000400c                TC00_Handler
 .text.initialize_hrox_sensor
                0x00004054       0xc4 src/main.o
 .text.config_app_mode
                0x00004118       0x34 src/main.o
                0x00004118                config_app_mode
 .text.write_to_read_device_mode
                0x0000414c       0x5c src/main.o
                0x0000414c                write_to_read_device_mode
 .text.read_device
                0x000041a8       0x50 src/main.o
                0x000041a8                read_device
 .text.write_to_get_reg_att
                0x000041f8       0x5c src/main.o
                0x000041f8                write_to_get_reg_att
 .text.write_to_output_mode
                0x00004254       0x64 src/main.o
                0x00004254                write_to_output_mode
 .text.write_set_FIFO
                0x000042b8       0x64 src/main.o
                0x000042b8                write_set_FIFO
 .text.write_automatic_gain_control
                0x0000431c       0x64 src/main.o
                0x0000431c                write_automatic_gain_control
 .text.write_enable_hr_sensor
                0x00004380       0x64 src/main.o
                0x00004380                write_enable_hr_sensor
 .text.write_enable_algorithm
                0x000043e4       0x64 src/main.o
                0x000043e4                write_enable_algorithm
 .text.write_set_num_samples
                0x00004448       0x68 src/main.o
                0x00004448                write_set_num_samples
 .text.write_sensor_hub_status
                0x000044b0       0x5c src/main.o
                0x000044b0                write_sensor_hub_status
 .text.write_to_read_FIFO
                0x0000450c       0x5c src/main.o
                0x0000450c                write_to_read_FIFO
 .text.display_value
                0x00004568       0xc8 src/main.o
                0x00004568                display_value
 .text.calculate_hr
                0x00004630       0xe4 src/main.o
                0x00004630                calculate_hr
 .text.calculate_ox
                0x00004714       0xe4 src/main.o
                0x00004714                calculate_ox
 .text.main     0x000047f8      0x1a4 src/main.o
                0x000047f8                main
 .text.__libc_init_array
                0x0000499c       0x48 c:/program files (x86)/atmel/studio/7.0/toolchain/arm/arm-gnu-toolchain/bin/../lib/gcc/arm-none-eabi/6.3.1/../../../../arm-none-eabi/lib/thumb/v7e-m\libc_nano.a(lib_a-init.o)
                0x0000499c                __libc_init_array
 .text.memset   0x000049e4       0x10 c:/program files (x86)/atmel/studio/7.0/toolchain/arm/arm-gnu-toolchain/bin/../lib/gcc/arm-none-eabi/6.3.1/../../../../arm-none-eabi/lib/thumb/v7e-m\libc_nano.a(lib_a-memset.o)
                0x000049e4                memset
 .text.__cvt    0x000049f4       0xb8 c:/program files (x86)/atmel/studio/7.0/toolchain/arm/arm-gnu-toolchain/bin/../lib/gcc/arm-none-eabi/6.3.1/../../../../arm-none-eabi/lib/thumb/v7e-m\libc_nano.a(lib_a-nano-vfprintf_float.o)
                0x000049f4                __cvt
 .text.__exponent
                0x00004aac       0x6a c:/program files (x86)/atmel/studio/7.0/toolchain/arm/arm-gnu-toolchain/bin/../lib/gcc/arm-none-eabi/6.3.1/../../../../arm-none-eabi/lib/thumb/v7e-m\libc_nano.a(lib_a-nano-vfprintf_float.o)
                0x00004aac                __exponent
 *fill*         0x00004b16        0x2 
 .text._printf_float
                0x00004b18      0x470 c:/program files (x86)/atmel/studio/7.0/toolchain/arm/arm-gnu-toolchain/bin/../lib/gcc/arm-none-eabi/6.3.1/../../../../arm-none-eabi/lib/thumb/v7e-m\libc_nano.a(lib_a-nano-vfprintf_float.o)
                0x00004b18                _printf_float
 .text._printf_common
                0x00004f88       0xec c:/program files (x86)/atmel/studio/7.0/toolchain/arm/arm-gnu-toolchain/bin/../lib/gcc/arm-none-eabi/6.3.1/../../../../arm-none-eabi/lib/thumb/v7e-m\libc_nano.a(lib_a-nano-vfprintf_i.o)
                0x00004f88                _printf_common
 .text._printf_i
                0x00005074      0x240 c:/program files (x86)/atmel/studio/7.0/toolchain/arm/arm-gnu-toolchain/bin/../lib/gcc/arm-none-eabi/6.3.1/../../../../arm-none-eabi/lib/thumb/v7e-m\libc_nano.a(lib_a-nano-vfprintf_i.o)
                0x00005074                _printf_i
 .text.sprintf  0x000052b4       0x48 c:/program files (x86)/atmel/studio/7.0/toolchain/arm/arm-gnu-toolchain/bin/../lib/gcc/arm-none-eabi/6.3.1/../../../../arm-none-eabi/lib/thumb/v7e-m\libc_nano.a(lib_a-sprintf.o)
                0x000052b4                siprintf
                0x000052b4                sprintf
 .text          0x000052fc       0x10 c:/program files (x86)/atmel/studio/7.0/toolchain/arm/arm-gnu-toolchain/bin/../lib/gcc/arm-none-eabi/6.3.1/../../../../arm-none-eabi/lib/thumb/v7e-m\libc_nano.a(lib_a-strlen.o)
                0x000052fc                strlen
 .text.quorem   0x0000530c      0x118 c:/program files (x86)/atmel/studio/7.0/toolchain/arm/arm-gnu-toolchain/bin/../lib/gcc/arm-none-eabi/6.3.1/../../../../arm-none-eabi/lib/thumb/v7e-m\libc_nano.a(lib_a-dtoa.o)
 *fill*         0x00005424        0x4 
 .text._dtoa_r  0x00005428      0xba4 c:/program files (x86)/atmel/studio/7.0/toolchain/arm/arm-gnu-toolchain/bin/../lib/gcc/arm-none-eabi/6.3.1/../../../../arm-none-eabi/lib/thumb/v7e-m\libc_nano.a(lib_a-dtoa.o)
                0x00005428                _dtoa_r
 .text._localeconv_r
                0x00005fcc       0x1c c:/program files (x86)/atmel/studio/7.0/toolchain/arm/arm-gnu-toolchain/bin/../lib/gcc/arm-none-eabi/6.3.1/../../../../arm-none-eabi/lib/thumb/v7e-m\libc_nano.a(lib_a-localeconv.o)
                0x00005fcc                _localeconv_r
 .text.malloc   0x00005fe8       0x10 c:/program files (x86)/atmel/studio/7.0/toolchain/arm/arm-gnu-toolchain/bin/../lib/gcc/arm-none-eabi/6.3.1/../../../../arm-none-eabi/lib/thumb/v7e-m\libc_nano.a(lib_a-malloc.o)
                0x00005fe8                malloc
 *fill*         0x00005ff8        0x8 
 .text          0x00006000       0xa0 c:/program files (x86)/atmel/studio/7.0/toolchain/arm/arm-gnu-toolchain/bin/../lib/gcc/arm-none-eabi/6.3.1/../../../../arm-none-eabi/lib/thumb/v7e-m\libc_nano.a(lib_a-memchr.o)
                0x00006000                memchr
 .text.memcpy   0x000060a0       0x16 c:/program files (x86)/atmel/studio/7.0/toolchain/arm/arm-gnu-toolchain/bin/../lib/gcc/arm-none-eabi/6.3.1/../../../../arm-none-eabi/lib/thumb/v7e-m\libc_nano.a(lib_a-memcpy-stub.o)
                0x000060a0                memcpy
 .text._Balloc  0x000060b6       0x68 c:/program files (x86)/atmel/studio/7.0/toolchain/arm/arm-gnu-toolchain/bin/../lib/gcc/arm-none-eabi/6.3.1/../../../../arm-none-eabi/lib/thumb/v7e-m\libc_nano.a(lib_a-mprec.o)
                0x000060b6                _Balloc
 .text._Bfree   0x0000611e       0x2e c:/program files (x86)/atmel/studio/7.0/toolchain/arm/arm-gnu-toolchain/bin/../lib/gcc/arm-none-eabi/6.3.1/../../../../arm-none-eabi/lib/thumb/v7e-m\libc_nano.a(lib_a-mprec.o)
                0x0000611e                _Bfree
 .text.__multadd
                0x0000614c       0x76 c:/program files (x86)/atmel/studio/7.0/toolchain/arm/arm-gnu-toolchain/bin/../lib/gcc/arm-none-eabi/6.3.1/../../../../arm-none-eabi/lib/thumb/v7e-m\libc_nano.a(lib_a-mprec.o)
                0x0000614c                __multadd
 .text.__hi0bits
                0x000061c2       0x3e c:/program files (x86)/atmel/studio/7.0/toolchain/arm/arm-gnu-toolchain/bin/../lib/gcc/arm-none-eabi/6.3.1/../../../../arm-none-eabi/lib/thumb/v7e-m\libc_nano.a(lib_a-mprec.o)
                0x000061c2                __hi0bits
 .text.__lo0bits
                0x00006200       0x5e c:/program files (x86)/atmel/studio/7.0/toolchain/arm/arm-gnu-toolchain/bin/../lib/gcc/arm-none-eabi/6.3.1/../../../../arm-none-eabi/lib/thumb/v7e-m\libc_nano.a(lib_a-mprec.o)
                0x00006200                __lo0bits
 .text.__i2b    0x0000625e       0x12 c:/program files (x86)/atmel/studio/7.0/toolchain/arm/arm-gnu-toolchain/bin/../lib/gcc/arm-none-eabi/6.3.1/../../../../arm-none-eabi/lib/thumb/v7e-m\libc_nano.a(lib_a-mprec.o)
                0x0000625e                __i2b
 .text.__multiply
                0x00006270      0x11a c:/program files (x86)/atmel/studio/7.0/toolchain/arm/arm-gnu-toolchain/bin/../lib/gcc/arm-none-eabi/6.3.1/../../../../arm-none-eabi/lib/thumb/v7e-m\libc_nano.a(lib_a-mprec.o)
                0x00006270                __multiply
 *fill*         0x0000638a        0x2 
 .text.__pow5mult
                0x0000638c       0x9c c:/program files (x86)/atmel/studio/7.0/toolchain/arm/arm-gnu-toolchain/bin/../lib/gcc/arm-none-eabi/6.3.1/../../../../arm-none-eabi/lib/thumb/v7e-m\libc_nano.a(lib_a-mprec.o)
                0x0000638c                __pow5mult
 .text.__lshift
                0x00006428       0xa2 c:/program files (x86)/atmel/studio/7.0/toolchain/arm/arm-gnu-toolchain/bin/../lib/gcc/arm-none-eabi/6.3.1/../../../../arm-none-eabi/lib/thumb/v7e-m\libc_nano.a(lib_a-mprec.o)
                0x00006428                __lshift
 .text.__mcmp   0x000064ca       0x34 c:/program files (x86)/atmel/studio/7.0/toolchain/arm/arm-gnu-toolchain/bin/../lib/gcc/arm-none-eabi/6.3.1/../../../../arm-none-eabi/lib/thumb/v7e-m\libc_nano.a(lib_a-mprec.o)
                0x000064ca                __mcmp
 .text.__mdiff  0x000064fe       0xbc c:/program files (x86)/atmel/studio/7.0/toolchain/arm/arm-gnu-toolchain/bin/../lib/gcc/arm-none-eabi/6.3.1/../../../../arm-none-eabi/lib/thumb/v7e-m\libc_nano.a(lib_a-mprec.o)
                0x000064fe                __mdiff
 .text.__d2b    0x000065ba       0x9e c:/program files (x86)/atmel/studio/7.0/toolchain/arm/arm-gnu-toolchain/bin/../lib/gcc/arm-none-eabi/6.3.1/../../../../arm-none-eabi/lib/thumb/v7e-m\libc_nano.a(lib_a-mprec.o)
                0x000065ba                __d2b
 .text._calloc_r
                0x00006658       0x1c c:/program files (x86)/atmel/studio/7.0/toolchain/arm/arm-gnu-toolchain/bin/../lib/gcc/arm-none-eabi/6.3.1/../../../../arm-none-eabi/lib/thumb/v7e-m\libc_nano.a(lib_a-nano-callocr.o)
                0x00006658                _calloc_r
 .text._free_r  0x00006674       0x9c c:/program files (x86)/atmel/studio/7.0/toolchain/arm/arm-gnu-toolchain/bin/../lib/gcc/arm-none-eabi/6.3.1/../../../../arm-none-eabi/lib/thumb/v7e-m\libc_nano.a(lib_a-nano-freer.o)
                0x00006674                _free_r
 .text._malloc_r
                0x00006710       0xbc c:/program files (x86)/atmel/studio/7.0/toolchain/arm/arm-gnu-toolchain/bin/../lib/gcc/arm-none-eabi/6.3.1/../../../../arm-none-eabi/lib/thumb/v7e-m\libc_nano.a(lib_a-nano-mallocr.o)
                0x00006710                _malloc_r
 .text.__ssputs_r
                0x000067cc       0xb6 c:/program files (x86)/atmel/studio/7.0/toolchain/arm/arm-gnu-toolchain/bin/../lib/gcc/arm-none-eabi/6.3.1/../../../../arm-none-eabi/lib/thumb/v7e-m\libc_nano.a(lib_a-nano-svfprintf.o)
                0x000067cc                __ssputs_r
 *fill*         0x00006882        0x2 
 .text._svfprintf_r
                0x00006884      0x1e8 c:/program files (x86)/atmel/studio/7.0/toolchain/arm/arm-gnu-toolchain/bin/../lib/gcc/arm-none-eabi/6.3.1/../../../../arm-none-eabi/lib/thumb/v7e-m\libc_nano.a(lib_a-nano-svfprintf.o)
                0x00006884                _svfiprintf_r
                0x00006884                _svfprintf_r
 .text._sbrk_r  0x00006a6c       0x20 c:/program files (x86)/atmel/studio/7.0/toolchain/arm/arm-gnu-toolchain/bin/../lib/gcc/arm-none-eabi/6.3.1/../../../../arm-none-eabi/lib/thumb/v7e-m\libc_nano.a(lib_a-sbrkr.o)
                0x00006a6c                _sbrk_r
 .text.__ascii_mbtowc
                0x00006a8c       0x24 c:/program files (x86)/atmel/studio/7.0/toolchain/arm/arm-gnu-toolchain/bin/../lib/gcc/arm-none-eabi/6.3.1/../../../../arm-none-eabi/lib/thumb/v7e-m\libc_nano.a(lib_a-mbtowc_r.o)
                0x00006a8c                __ascii_mbtowc
 .text.memmove  0x00006ab0       0x34 c:/program files (x86)/atmel/studio/7.0/toolchain/arm/arm-gnu-toolchain/bin/../lib/gcc/arm-none-eabi/6.3.1/../../../../arm-none-eabi/lib/thumb/v7e-m\libc_nano.a(lib_a-memmove.o)
                0x00006ab0                memmove
 .text.__malloc_lock
                0x00006ae4        0x2 c:/program files (x86)/atmel/studio/7.0/toolchain/arm/arm-gnu-toolchain/bin/../lib/gcc/arm-none-eabi/6.3.1/../../../../arm-none-eabi/lib/thumb/v7e-m\libc_nano.a(lib_a-mlock.o)
                0x00006ae4                __malloc_lock
 .text.__malloc_unlock
                0x00006ae6        0x2 c:/program files (x86)/atmel/studio/7.0/toolchain/arm/arm-gnu-toolchain/bin/../lib/gcc/arm-none-eabi/6.3.1/../../../../arm-none-eabi/lib/thumb/v7e-m\libc_nano.a(lib_a-mlock.o)
                0x00006ae6                __malloc_unlock
 .text._realloc_r
                0x00006ae8       0x4c c:/program files (x86)/atmel/studio/7.0/toolchain/arm/arm-gnu-toolchain/bin/../lib/gcc/arm-none-eabi/6.3.1/../../../../arm-none-eabi/lib/thumb/v7e-m\libc_nano.a(lib_a-nano-reallocr.o)
                0x00006ae8                _realloc_r
 .text.__ascii_wctomb
                0x00006b34       0x1a c:/program files (x86)/atmel/studio/7.0/toolchain/arm/arm-gnu-toolchain/bin/../lib/gcc/arm-none-eabi/6.3.1/../../../../arm-none-eabi/lib/thumb/v7e-m\libc_nano.a(lib_a-wctomb_r.o)
                0x00006b34                __ascii_wctomb
 .text._malloc_usable_size_r
                0x00006b4e       0x12 c:/program files (x86)/atmel/studio/7.0/toolchain/arm/arm-gnu-toolchain/bin/../lib/gcc/arm-none-eabi/6.3.1/../../../../arm-none-eabi/lib/thumb/v7e-m\libc_nano.a(lib_a-nano-msizer.o)
                0x00006b4e                _malloc_usable_size_r
 .text          0x00006b60      0x370 c:/program files (x86)/atmel/studio/7.0/toolchain/arm/arm-gnu-toolchain/bin/../lib/gcc/arm-none-eabi/6.3.1/thumb/v7e-m\libgcc.a(_arm_addsubdf3.o)
                0x00006b60                __aeabi_drsub
                0x00006b68                __aeabi_dsub
                0x00006b68                __subdf3
                0x00006b6c                __aeabi_dadd
                0x00006b6c                __adddf3
                0x00006de4                __floatunsidf
                0x00006de4                __aeabi_ui2d
                0x00006e04                __floatsidf
                0x00006e04                __aeabi_i2d
                0x00006e28                __aeabi_f2d
                0x00006e28                __extendsfdf2
                0x00006e64                __floatundidf
                0x00006e64                __aeabi_ul2d
                0x00006e74                __floatdidf
                0x00006e74                __aeabi_l2d
 .text          0x00006ed0      0x424 c:/program files (x86)/atmel/studio/7.0/toolchain/arm/arm-gnu-toolchain/bin/../lib/gcc/arm-none-eabi/6.3.1/thumb/v7e-m\libgcc.a(_arm_muldivdf3.o)
                0x00006ed0                __aeabi_dmul
                0x00006ed0                __muldf3
                0x00007124                __divdf3
                0x00007124                __aeabi_ddiv
 .text          0x000072f4      0x110 c:/program files (x86)/atmel/studio/7.0/toolchain/arm/arm-gnu-toolchain/bin/../lib/gcc/arm-none-eabi/6.3.1/thumb/v7e-m\libgcc.a(_arm_cmpdf2.o)
                0x000072f4                __gtdf2
                0x000072f4                __gedf2
                0x000072fc                __ltdf2
                0x000072fc                __ledf2
                0x00007304                __nedf2
                0x00007304                __eqdf2
                0x00007304                __cmpdf2
                0x00007380                __aeabi_cdrcmple
                0x00007390                __aeabi_cdcmpeq
                0x00007390                __aeabi_cdcmple
                0x000073a0                __aeabi_dcmpeq
                0x000073b4                __aeabi_dcmplt
                0x000073c8                __aeabi_dcmple
                0x000073dc                __aeabi_dcmpge
                0x000073f0                __aeabi_dcmpgt
 .text          0x00007404       0x2c c:/program files (x86)/atmel/studio/7.0/toolchain/arm/arm-gnu-toolchain/bin/../lib/gcc/arm-none-eabi/6.3.1/thumb/v7e-m\libgcc.a(_arm_unorddf2.o)
                0x00007404                __unorddf2
                0x00007404                __aeabi_dcmpun
 .text          0x00007430       0x50 c:/program files (x86)/atmel/studio/7.0/toolchain/arm/arm-gnu-toolchain/bin/../lib/gcc/arm-none-eabi/6.3.1/thumb/v7e-m\libgcc.a(_arm_fixdfsi.o)
                0x00007430                __aeabi_d2iz
                0x00007430                __fixdfsi
 .text          0x00007480      0x21c c:/program files (x86)/atmel/studio/7.0/toolchain/arm/arm-gnu-toolchain/bin/../lib/gcc/arm-none-eabi/6.3.1/thumb/v7e-m\libgcc.a(_arm_addsubsf3.o)
                0x00007480                __aeabi_frsub
                0x00007488                __subsf3
                0x00007488                __aeabi_fsub
                0x0000748c                __aeabi_fadd
                0x0000748c                __addsf3
                0x000075ec                __aeabi_ui2f
                0x000075ec                __floatunsisf
                0x000075f4                __aeabi_i2f
                0x000075f4                __floatsisf
                0x00007610                __aeabi_ul2f
                0x00007610                __floatundisf
                0x00007620                __aeabi_l2f
                0x00007620                __floatdisf
 .text          0x0000769c       0xec c:/program files (x86)/atmel/studio/7.0/toolchain/arm/arm-gnu-toolchain/bin/../lib/gcc/arm-none-eabi/6.3.1/thumb/v7e-m\libgcc.a(_arm_cmpsf2.o)
                0x0000769c                __gesf2
                0x0000769c                __gtsf2
                0x000076a4                __lesf2
                0x000076a4                __ltsf2
                0x000076ac                __nesf2
                0x000076ac                __eqsf2
                0x000076ac                __cmpsf2
                0x0000770c                __aeabi_cfrcmple
                0x00007714                __aeabi_cfcmpeq
                0x00007714                __aeabi_cfcmple
                0x00007724                __aeabi_fcmpeq
                0x00007738                __aeabi_fcmplt
                0x0000774c                __aeabi_fcmple
                0x00007760                __aeabi_fcmpge
                0x00007774                __aeabi_fcmpgt
 .text          0x00007788       0x4c c:/program files (x86)/atmel/studio/7.0/toolchain/arm/arm-gnu-toolchain/bin/../lib/gcc/arm-none-eabi/6.3.1/thumb/v7e-m\libgcc.a(_arm_fixsfsi.o)
                0x00007788                __aeabi_f2iz
                0x00007788                __fixsfsi
 *(.glue_7t)
 .glue_7t       0x000077d4        0x0 linker stubs
 *(.glue_7)
 .glue_7        0x000077d4        0x0 linker stubs
 *(.rodata .rodata* .gnu.linkonce.r.*)
 .rodata        0x000077d4        0xc src/ASF/sam/components/display/c42412a/c42412a_lcdca.o
 .rodata        0x000077e0       0x1a src/main.o
 .rodata._printf_float.str1.1
                0x000077fa       0x12 c:/program files (x86)/atmel/studio/7.0/toolchain/arm/arm-gnu-toolchain/bin/../lib/gcc/arm-none-eabi/6.3.1/../../../../arm-none-eabi/lib/thumb/v7e-m\libc_nano.a(lib_a-nano-vfprintf_float.o)
 .rodata._printf_i.str1.1
                0x0000780c       0x22 c:/program files (x86)/atmel/studio/7.0/toolchain/arm/arm-gnu-toolchain/bin/../lib/gcc/arm-none-eabi/6.3.1/../../../../arm-none-eabi/lib/thumb/v7e-m\libc_nano.a(lib_a-nano-vfprintf_i.o)
 .rodata._dtoa_r.str1.1
                0x0000782e        0xd c:/program files (x86)/atmel/studio/7.0/toolchain/arm/arm-gnu-toolchain/bin/../lib/gcc/arm-none-eabi/6.3.1/../../../../arm-none-eabi/lib/thumb/v7e-m\libc_nano.a(lib_a-dtoa.o)
                                  0xf (size before relaxing)
 *fill*         0x0000783b        0x5 
 .rodata.__mprec_bigtens
                0x00007840       0x28 c:/program files (x86)/atmel/studio/7.0/toolchain/arm/arm-gnu-toolchain/bin/../lib/gcc/arm-none-eabi/6.3.1/../../../../arm-none-eabi/lib/thumb/v7e-m\libc_nano.a(lib_a-mprec.o)
                0x00007840                __mprec_bigtens
 .rodata.__mprec_tens
                0x00007868       0xc8 c:/program files (x86)/atmel/studio/7.0/toolchain/arm/arm-gnu-toolchain/bin/../lib/gcc/arm-none-eabi/6.3.1/../../../../arm-none-eabi/lib/thumb/v7e-m\libc_nano.a(lib_a-mprec.o)
                0x00007868                __mprec_tens
 .rodata.p05.6047
                0x00007930        0xc c:/program files (x86)/atmel/studio/7.0/toolchain/arm/arm-gnu-toolchain/bin/../lib/gcc/arm-none-eabi/6.3.1/../../../../arm-none-eabi/lib/thumb/v7e-m\libc_nano.a(lib_a-mprec.o)
 .rodata._svfprintf_r.str1.1
                0x0000793c       0x11 c:/program files (x86)/atmel/studio/7.0/toolchain/arm/arm-gnu-toolchain/bin/../lib/gcc/arm-none-eabi/6.3.1/../../../../arm-none-eabi/lib/thumb/v7e-m\libc_nano.a(lib_a-nano-svfprintf.o)
 .rodata._setlocale_r.str1.1
                0x0000794d        0x8 c:/program files (x86)/atmel/studio/7.0/toolchain/arm/arm-gnu-toolchain/bin/../lib/gcc/arm-none-eabi/6.3.1/../../../../arm-none-eabi/lib/thumb/v7e-m\libc_nano.a(lib_a-locale.o)
                                  0x9 (size before relaxing)
 .rodata.str1.1
                0x00007955        0x2 c:/program files (x86)/atmel/studio/7.0/toolchain/arm/arm-gnu-toolchain/bin/../lib/gcc/arm-none-eabi/6.3.1/../../../../arm-none-eabi/lib/thumb/v7e-m\libc_nano.a(lib_a-locale.o)
 .rodata._ctype_
                0x00007957      0x101 c:/program files (x86)/atmel/studio/7.0/toolchain/arm/arm-gnu-toolchain/bin/../lib/gcc/arm-none-eabi/6.3.1/../../../../arm-none-eabi/lib/thumb/v7e-m\libc_nano.a(lib_a-ctype_.o)
                0x00007957                _ctype_
 *(.ARM.extab* .gnu.linkonce.armextab.*)
                0x00007a58                . = ALIGN (0x4)
 *(.init)
 .init          0x00007a58        0x4 c:/program files (x86)/atmel/studio/7.0/toolchain/arm/arm-gnu-toolchain/bin/../lib/gcc/arm-none-eabi/6.3.1/thumb/v7e-m/crti.o
                0x00007a58                _init
 .init          0x00007a5c        0x8 c:/program files (x86)/atmel/studio/7.0/toolchain/arm/arm-gnu-toolchain/bin/../lib/gcc/arm-none-eabi/6.3.1/thumb/v7e-m/crtn.o
                0x00007a64                . = ALIGN (0x4)
                0x00007a64                __preinit_array_start = .
 *(.preinit_array)
                0x00007a64                __preinit_array_end = .
                0x00007a64                . = ALIGN (0x4)
                0x00007a64                __init_array_start = .
 *(SORT(.init_array.*))
 *(.init_array)
 .init_array    0x00007a64        0x4 c:/program files (x86)/atmel/studio/7.0/toolchain/arm/arm-gnu-toolchain/bin/../lib/gcc/arm-none-eabi/6.3.1/thumb/v7e-m/crtbegin.o
                0x00007a68                __init_array_end = .
                0x00007a68                . = ALIGN (0x4)
 *crtbegin.o(.ctors)
 *(EXCLUDE_FILE(*crtend.o) .ctors)
 *(SORT(.ctors.*))
 *crtend.o(.ctors)
                0x00007a68                . = ALIGN (0x4)
 *(.fini)
 .fini          0x00007a68        0x4 c:/program files (x86)/atmel/studio/7.0/toolchain/arm/arm-gnu-toolchain/bin/../lib/gcc/arm-none-eabi/6.3.1/thumb/v7e-m/crti.o
                0x00007a68                _fini
 .fini          0x00007a6c        0x8 c:/program files (x86)/atmel/studio/7.0/toolchain/arm/arm-gnu-toolchain/bin/../lib/gcc/arm-none-eabi/6.3.1/thumb/v7e-m/crtn.o
                0x00007a74                . = ALIGN (0x4)
                0x00007a74                __fini_array_start = .
 *(.fini_array)
 .fini_array    0x00007a74        0x4 c:/program files (x86)/atmel/studio/7.0/toolchain/arm/arm-gnu-toolchain/bin/../lib/gcc/arm-none-eabi/6.3.1/thumb/v7e-m/crtbegin.o
 *(SORT(.fini_array.*))
                0x00007a78                __fini_array_end = .
 *crtbegin.o(.dtors)
 *(EXCLUDE_FILE(*crtend.o) .dtors)
 *(SORT(.dtors.*))
 *crtend.o(.dtors)
                0x00007a78                . = ALIGN (0x4)
                0x00007a78                _efixed = .
                [!provide]                PROVIDE (__exidx_start, .)

.vfp11_veneer   0x00007a78        0x0
 .vfp11_veneer  0x00007a78        0x0 linker stubs

.v4_bx          0x00007a78        0x0
 .v4_bx         0x00007a78        0x0 linker stubs

.iplt           0x00007a78        0x0
 .iplt          0x00007a78        0x0 c:/program files (x86)/atmel/studio/7.0/toolchain/arm/arm-gnu-toolchain/bin/../lib/gcc/arm-none-eabi/6.3.1/thumb/v7e-m/crtbegin.o

.eh_frame       0x00007a78        0x0
 .eh_frame      0x00007a78        0x0 c:/program files (x86)/atmel/studio/7.0/toolchain/arm/arm-gnu-toolchain/bin/../lib/gcc/arm-none-eabi/6.3.1/thumb/v7e-m/crtbegin.o

.rel.dyn        0x00007a78        0x0
 .rel.iplt      0x00007a78        0x0 c:/program files (x86)/atmel/studio/7.0/toolchain/arm/arm-gnu-toolchain/bin/../lib/gcc/arm-none-eabi/6.3.1/thumb/v7e-m/crtbegin.o

.jcr            0x00007a78        0x0
 .jcr           0x00007a78        0x0 c:/program files (x86)/atmel/studio/7.0/toolchain/arm/arm-gnu-toolchain/bin/../lib/gcc/arm-none-eabi/6.3.1/thumb/v7e-m/crtbegin.o

.igot.plt       0x00007a78        0x0
 .igot.plt      0x00007a78        0x0 c:/program files (x86)/atmel/studio/7.0/toolchain/arm/arm-gnu-toolchain/bin/../lib/gcc/arm-none-eabi/6.3.1/thumb/v7e-m/crtbegin.o

.ARM.exidx
 *(.ARM.exidx* .gnu.linkonce.armexidx.*)
                [!provide]                PROVIDE (__exidx_end, .)
                0x00007a78                . = ALIGN (0x4)
                0x00007a78                _etext = .

.relocate       0x20000000      0x2ac load address 0x00007a78
                0x20000000                . = ALIGN (0x4)
                0x20000000                _srelocate = .
 *(.ramfunc .ramfunc.*)
 .ramfunc       0x20000000       0x74 src/ASF/sam/drivers/bpm/bpm.o
                0x20000000                bpm_ps_no_halt_exec
 *(.data .data.*)
 .data.g_interrupt_enabled
                0x20000074        0x1 src/ASF/common/utils/interrupt/interrupt_sam_nvic.o
                0x20000074                g_interrupt_enabled
 *fill*         0x20000075        0x3 
 .data.first_time.9638
                0x20000078       0x64 src/main.o
 .data._impure_ptr
                0x200000dc        0x4 c:/program files (x86)/atmel/studio/7.0/toolchain/arm/arm-gnu-toolchain/bin/../lib/gcc/arm-none-eabi/6.3.1/../../../../arm-none-eabi/lib/thumb/v7e-m\libc_nano.a(lib_a-impure.o)
                0x200000dc                _impure_ptr
 .data.impure_data
                0x200000e0       0x60 c:/program files (x86)/atmel/studio/7.0/toolchain/arm/arm-gnu-toolchain/bin/../lib/gcc/arm-none-eabi/6.3.1/../../../../arm-none-eabi/lib/thumb/v7e-m\libc_nano.a(lib_a-impure.o)
 .data.__global_locale
                0x20000140      0x16c c:/program files (x86)/atmel/studio/7.0/toolchain/arm/arm-gnu-toolchain/bin/../lib/gcc/arm-none-eabi/6.3.1/../../../../arm-none-eabi/lib/thumb/v7e-m\libc_nano.a(lib_a-locale.o)
                0x20000140                __global_locale
                0x200002ac                . = ALIGN (0x4)
                0x200002ac                _erelocate = .

.bss            0x200002ac      0x23c load address 0x00007d24
                0x200002ac                . = ALIGN (0x4)
                0x200002ac                _sbss = .
                0x200002ac                _szero = .
 *(.bss .bss.*)
 .bss           0x200002ac       0x1c c:/program files (x86)/atmel/studio/7.0/toolchain/arm/arm-gnu-toolchain/bin/../lib/gcc/arm-none-eabi/6.3.1/thumb/v7e-m/crtbegin.o
 .bss.gpio_int_sources
                0x200002c8       0x30 src/ASF/sam/drivers/gpio/gpio.o
 .bss.gpio_nb_sources
                0x200002f8        0x4 src/ASF/sam/drivers/gpio/gpio.o
 .bss.p_twim_tx_data
                0x200002fc       0x10 src/ASF/sam/drivers/twim/twim.o
 .bss.p_twim_rx_data
                0x2000030c       0x10 src/ASF/sam/drivers/twim/twim.o
 .bss.transfer_status
                0x2000031c        0x4 src/ASF/sam/drivers/twim/twim.o
 .bss.twim_tx_nb_bytes
                0x20000320       0x10 src/ASF/sam/drivers/twim/twim.o
 .bss.twim_rx_nb_bytes
                0x20000330       0x10 src/ASF/sam/drivers/twim/twim.o
 .bss.twim_it_mask
                0x20000340       0x10 src/ASF/sam/drivers/twim/twim.o
 .bss.twim_next_cmd_xfer_valid
                0x20000350        0x4 src/ASF/sam/drivers/twim/twim.o
 .bss.p_twim_next_tx_data
                0x20000354       0x10 src/ASF/sam/drivers/twim/twim.o
 .bss.p_twim_next_rx_data
                0x20000364       0x10 src/ASF/sam/drivers/twim/twim.o
 .bss.twim_next_tx_nb_bytes
                0x20000374       0x10 src/ASF/sam/drivers/twim/twim.o
 .bss.twim_next_rx_nb_bytes
                0x20000384       0x10 src/ASF/sam/drivers/twim/twim.o
 .bss.lcdca_callback_pointer
                0x20000394        0x4 src/ASF/sam/drivers/lcdca/lcdca.o
                0x20000394                lcdca_callback_pointer
 .bss.heap.5297
                0x20000398        0x4 src/ASF/sam/utils/syscalls/gcc/syscalls.o
 .bss.ticks     0x2000039c        0x4 src/main.o
                0x2000039c                ticks
 .bss.current_gpio_input_level.9636
                0x200003a0       0x64 src/main.o
 .bss.prev_gpio_input_level.9637
                0x20000404       0x64 src/main.o
 .bss.level.9668
                0x20000468        0x1 src/main.o
 *fill*         0x20000469        0x3 
 .bss.__malloc_free_list
                0x2000046c        0x4 c:/program files (x86)/atmel/studio/7.0/toolchain/arm/arm-gnu-toolchain/bin/../lib/gcc/arm-none-eabi/6.3.1/../../../../arm-none-eabi/lib/thumb/v7e-m\libc_nano.a(lib_a-nano-mallocr.o)
                0x2000046c                __malloc_free_list
 .bss.__malloc_sbrk_start
                0x20000470        0x4 c:/program files (x86)/atmel/studio/7.0/toolchain/arm/arm-gnu-toolchain/bin/../lib/gcc/arm-none-eabi/6.3.1/../../../../arm-none-eabi/lib/thumb/v7e-m\libc_nano.a(lib_a-nano-mallocr.o)
                0x20000470                __malloc_sbrk_start
 *(COMMON)
 COMMON         0x20000474        0x8 src/ASF/common/services/sleepmgr/sam4l/sleepmgr.o
                0x20000474                sleepmgr_locks
 COMMON         0x2000047c       0x10 src/ASF/sam/drivers/twim/twim.o
                0x2000047c                twim_callback_pointer
 COMMON         0x2000048c       0x40 src/ASF/sam/drivers/pdca/pdca.o
                0x2000048c                pdca_callback_pointer
 COMMON         0x200004cc       0x17 src/main.o
                0x200004cc                data_buf_tx
                0x200004d0                data_buf_rx
 *fill*         0x200004e3        0x1 
 COMMON         0x200004e4        0x4 c:/program files (x86)/atmel/studio/7.0/toolchain/arm/arm-gnu-toolchain/bin/../lib/gcc/arm-none-eabi/6.3.1/../../../../arm-none-eabi/lib/thumb/v7e-m\libc_nano.a(lib_a-reent.o)
                0x200004e4                errno
                0x200004e8                . = ALIGN (0x4)
                0x200004e8                _ebss = .
                0x200004e8                _ezero = .

.stack          0x200004e8     0x1000 load address 0x00007f60
                0x200004e8                . = ALIGN (0x8)
                0x200004e8                _sstack = .
                0x200014e8                . = (. + __stack_size__)
 *fill*         0x200004e8     0x1000 
                0x200014e8                . = ALIGN (0x8)
                0x200014e8                _estack = .
                0x200014e8                . = ALIGN (0x4)
                0x200014e8                _end = .
OUTPUT(Embedded_Final_Project.elf elf32-littlearm)

.ARM.attributes
                0x00000000       0x2a
 .ARM.attributes
                0x00000000       0x1e c:/program files (x86)/atmel/studio/7.0/toolchain/arm/arm-gnu-toolchain/bin/../lib/gcc/arm-none-eabi/6.3.1/thumb/v7e-m/crti.o
 .ARM.attributes
                0x0000001e       0x2e c:/program files (x86)/atmel/studio/7.0/toolchain/arm/arm-gnu-toolchain/bin/../lib/gcc/arm-none-eabi/6.3.1/thumb/v7e-m/crtbegin.o
 .ARM.attributes
                0x0000004c       0x33 src/ASF/common/services/sleepmgr/sam4l/sleepmgr.o
 .ARM.attributes
                0x0000007f       0x33 src/ASF/sam/drivers/gpio/gpio.o
 .ARM.attributes
                0x000000b2       0x33 src/ASF/sam/drivers/tc/tc.o
 .ARM.attributes
                0x000000e5       0x33 src/ASF/sam/drivers/twim/twim.o
 .ARM.attributes
                0x00000118       0x33 src/ASF/sam/components/display/c42412a/c42412a_lcdca.o
 .ARM.attributes
                0x0000014b       0x33 src/ASF/sam/drivers/pdca/pdca.o
 .ARM.attributes
                0x0000017e       0x33 src/ASF/sam/drivers/lcdca/lcdca.o
 .ARM.attributes
                0x000001b1       0x33 src/ASF/common/services/clock/sam4l/osc.o
 .ARM.attributes
                0x000001e4       0x33 src/ASF/common/services/clock/sam4l/sysclk.o
 .ARM.attributes
                0x00000217       0x33 src/ASF/common/utils/interrupt/interrupt_sam_nvic.o
 .ARM.attributes
                0x0000024a       0x33 src/ASF/sam/boards/sam4l8_xplained_pro/init.o
 .ARM.attributes
                0x0000027d       0x33 src/ASF/sam/drivers/bpm/bpm.o
 .ARM.attributes
                0x000002b0       0x33 src/ASF/sam/drivers/wdt/wdt_sam4l.o
 .ARM.attributes
                0x000002e3       0x33 src/ASF/sam/utils/cmsis/sam4l/source/templates/exceptions.o
 .ARM.attributes
                0x00000316       0x33 src/ASF/sam/utils/cmsis/sam4l/source/templates/gcc/startup_sam4l.o
 .ARM.attributes
                0x00000349       0x33 src/ASF/sam/utils/syscalls/gcc/syscalls.o
 .ARM.attributes
                0x0000037c       0x33 src/main.o
 .ARM.attributes
                0x000003af       0x2e c:/program files (x86)/atmel/studio/7.0/toolchain/arm/arm-gnu-toolchain/bin/../lib/gcc/arm-none-eabi/6.3.1/../../../../arm-none-eabi/lib/thumb/v7e-m\libc_nano.a(lib_a-impure.o)
 .ARM.attributes
                0x000003dd       0x2e c:/program files (x86)/atmel/studio/7.0/toolchain/arm/arm-gnu-toolchain/bin/../lib/gcc/arm-none-eabi/6.3.1/../../../../arm-none-eabi/lib/thumb/v7e-m\libc_nano.a(lib_a-init.o)
 .ARM.attributes
                0x0000040b       0x2e c:/program files (x86)/atmel/studio/7.0/toolchain/arm/arm-gnu-toolchain/bin/../lib/gcc/arm-none-eabi/6.3.1/../../../../arm-none-eabi/lib/thumb/v7e-m\libc_nano.a(lib_a-memset.o)
 .ARM.attributes
                0x00000439       0x2e c:/program files (x86)/atmel/studio/7.0/toolchain/arm/arm-gnu-toolchain/bin/../lib/gcc/arm-none-eabi/6.3.1/../../../../arm-none-eabi/lib/thumb/v7e-m\libc_nano.a(lib_a-nano-vfprintf_float.o)
 .ARM.attributes
                0x00000467       0x2e c:/program files (x86)/atmel/studio/7.0/toolchain/arm/arm-gnu-toolchain/bin/../lib/gcc/arm-none-eabi/6.3.1/../../../../arm-none-eabi/lib/thumb/v7e-m\libc_nano.a(lib_a-nano-vfprintf_i.o)
 .ARM.attributes
                0x00000495       0x2e c:/program files (x86)/atmel/studio/7.0/toolchain/arm/arm-gnu-toolchain/bin/../lib/gcc/arm-none-eabi/6.3.1/../../../../arm-none-eabi/lib/thumb/v7e-m\libc_nano.a(lib_a-sprintf.o)
 .ARM.attributes
                0x000004c3       0x17 c:/program files (x86)/atmel/studio/7.0/toolchain/arm/arm-gnu-toolchain/bin/../lib/gcc/arm-none-eabi/6.3.1/../../../../arm-none-eabi/lib/thumb/v7e-m\libc_nano.a(lib_a-strlen.o)
 .ARM.attributes
                0x000004da       0x2e c:/program files (x86)/atmel/studio/7.0/toolchain/arm/arm-gnu-toolchain/bin/../lib/gcc/arm-none-eabi/6.3.1/../../../../arm-none-eabi/lib/thumb/v7e-m\libc_nano.a(lib_a-dtoa.o)
 .ARM.attributes
                0x00000508       0x2e c:/program files (x86)/atmel/studio/7.0/toolchain/arm/arm-gnu-toolchain/bin/../lib/gcc/arm-none-eabi/6.3.1/../../../../arm-none-eabi/lib/thumb/v7e-m\libc_nano.a(lib_a-localeconv.o)
 .ARM.attributes
                0x00000536       0x2e c:/program files (x86)/atmel/studio/7.0/toolchain/arm/arm-gnu-toolchain/bin/../lib/gcc/arm-none-eabi/6.3.1/../../../../arm-none-eabi/lib/thumb/v7e-m\libc_nano.a(lib_a-malloc.o)
 .ARM.attributes
                0x00000564       0x1c c:/program files (x86)/atmel/studio/7.0/toolchain/arm/arm-gnu-toolchain/bin/../lib/gcc/arm-none-eabi/6.3.1/../../../../arm-none-eabi/lib/thumb/v7e-m\libc_nano.a(lib_a-memchr.o)
 .ARM.attributes
                0x00000580       0x2e c:/program files (x86)/atmel/studio/7.0/toolchain/arm/arm-gnu-toolchain/bin/../lib/gcc/arm-none-eabi/6.3.1/../../../../arm-none-eabi/lib/thumb/v7e-m\libc_nano.a(lib_a-memcpy-stub.o)
 .ARM.attributes
                0x000005ae       0x2e c:/program files (x86)/atmel/studio/7.0/toolchain/arm/arm-gnu-toolchain/bin/../lib/gcc/arm-none-eabi/6.3.1/../../../../arm-none-eabi/lib/thumb/v7e-m\libc_nano.a(lib_a-mprec.o)
 .ARM.attributes
                0x000005dc       0x2e c:/program files (x86)/atmel/studio/7.0/toolchain/arm/arm-gnu-toolchain/bin/../lib/gcc/arm-none-eabi/6.3.1/../../../../arm-none-eabi/lib/thumb/v7e-m\libc_nano.a(lib_a-nano-callocr.o)
 .ARM.attributes
                0x0000060a       0x2e c:/program files (x86)/atmel/studio/7.0/toolchain/arm/arm-gnu-toolchain/bin/../lib/gcc/arm-none-eabi/6.3.1/../../../../arm-none-eabi/lib/thumb/v7e-m\libc_nano.a(lib_a-nano-freer.o)
 .ARM.attributes
                0x00000638       0x2e c:/program files (x86)/atmel/studio/7.0/toolchain/arm/arm-gnu-toolchain/bin/../lib/gcc/arm-none-eabi/6.3.1/../../../../arm-none-eabi/lib/thumb/v7e-m\libc_nano.a(lib_a-nano-mallocr.o)
 .ARM.attributes
                0x00000666       0x2e c:/program files (x86)/atmel/studio/7.0/toolchain/arm/arm-gnu-toolchain/bin/../lib/gcc/arm-none-eabi/6.3.1/../../../../arm-none-eabi/lib/thumb/v7e-m\libc_nano.a(lib_a-nano-svfprintf.o)
 .ARM.attributes
                0x00000694       0x2e c:/program files (x86)/atmel/studio/7.0/toolchain/arm/arm-gnu-toolchain/bin/../lib/gcc/arm-none-eabi/6.3.1/../../../../arm-none-eabi/lib/thumb/v7e-m\libc_nano.a(lib_a-sbrkr.o)
 .ARM.attributes
                0x000006c2       0x2e c:/program files (x86)/atmel/studio/7.0/toolchain/arm/arm-gnu-toolchain/bin/../lib/gcc/arm-none-eabi/6.3.1/../../../../arm-none-eabi/lib/thumb/v7e-m\libc_nano.a(lib_a-locale.o)
 .ARM.attributes
                0x000006f0       0x2e c:/program files (x86)/atmel/studio/7.0/toolchain/arm/arm-gnu-toolchain/bin/../lib/gcc/arm-none-eabi/6.3.1/../../../../arm-none-eabi/lib/thumb/v7e-m\libc_nano.a(lib_a-mbtowc_r.o)
 .ARM.attributes
                0x0000071e       0x2e c:/program files (x86)/atmel/studio/7.0/toolchain/arm/arm-gnu-toolchain/bin/../lib/gcc/arm-none-eabi/6.3.1/../../../../arm-none-eabi/lib/thumb/v7e-m\libc_nano.a(lib_a-memmove.o)
 .ARM.attributes
                0x0000074c       0x2e c:/program files (x86)/atmel/studio/7.0/toolchain/arm/arm-gnu-toolchain/bin/../lib/gcc/arm-none-eabi/6.3.1/../../../../arm-none-eabi/lib/thumb/v7e-m\libc_nano.a(lib_a-mlock.o)
 .ARM.attributes
                0x0000077a       0x2e c:/program files (x86)/atmel/studio/7.0/toolchain/arm/arm-gnu-toolchain/bin/../lib/gcc/arm-none-eabi/6.3.1/../../../../arm-none-eabi/lib/thumb/v7e-m\libc_nano.a(lib_a-nano-reallocr.o)
 .ARM.attributes
                0x000007a8       0x2e c:/program files (x86)/atmel/studio/7.0/toolchain/arm/arm-gnu-toolchain/bin/../lib/gcc/arm-none-eabi/6.3.1/../../../../arm-none-eabi/lib/thumb/v7e-m\libc_nano.a(lib_a-reent.o)
 .ARM.attributes
                0x000007d6       0x2e c:/program files (x86)/atmel/studio/7.0/toolchain/arm/arm-gnu-toolchain/bin/../lib/gcc/arm-none-eabi/6.3.1/../../../../arm-none-eabi/lib/thumb/v7e-m\libc_nano.a(lib_a-wctomb_r.o)
 .ARM.attributes
                0x00000804       0x2e c:/program files (x86)/atmel/studio/7.0/toolchain/arm/arm-gnu-toolchain/bin/../lib/gcc/arm-none-eabi/6.3.1/../../../../arm-none-eabi/lib/thumb/v7e-m\libc_nano.a(lib_a-ctype_.o)
 .ARM.attributes
                0x00000832       0x2e c:/program files (x86)/atmel/studio/7.0/toolchain/arm/arm-gnu-toolchain/bin/../lib/gcc/arm-none-eabi/6.3.1/../../../../arm-none-eabi/lib/thumb/v7e-m\libc_nano.a(lib_a-nano-msizer.o)
 .ARM.attributes
                0x00000860       0x1e c:/program files (x86)/atmel/studio/7.0/toolchain/arm/arm-gnu-toolchain/bin/../lib/gcc/arm-none-eabi/6.3.1/thumb/v7e-m\libgcc.a(_arm_addsubdf3.o)
 .ARM.attributes
                0x0000087e       0x1e c:/program files (x86)/atmel/studio/7.0/toolchain/arm/arm-gnu-toolchain/bin/../lib/gcc/arm-none-eabi/6.3.1/thumb/v7e-m\libgcc.a(_arm_muldivdf3.o)
 .ARM.attributes
                0x0000089c       0x1e c:/program files (x86)/atmel/studio/7.0/toolchain/arm/arm-gnu-toolchain/bin/../lib/gcc/arm-none-eabi/6.3.1/thumb/v7e-m\libgcc.a(_arm_cmpdf2.o)
 .ARM.attributes
                0x000008ba       0x1e c:/program files (x86)/atmel/studio/7.0/toolchain/arm/arm-gnu-toolchain/bin/../lib/gcc/arm-none-eabi/6.3.1/thumb/v7e-m\libgcc.a(_arm_unorddf2.o)
 .ARM.attributes
                0x000008d8       0x1e c:/program files (x86)/atmel/studio/7.0/toolchain/arm/arm-gnu-toolchain/bin/../lib/gcc/arm-none-eabi/6.3.1/thumb/v7e-m\libgcc.a(_arm_fixdfsi.o)
 .ARM.attributes
                0x000008f6       0x1e c:/program files (x86)/atmel/studio/7.0/toolchain/arm/arm-gnu-toolchain/bin/../lib/gcc/arm-none-eabi/6.3.1/thumb/v7e-m\libgcc.a(_arm_addsubsf3.o)
 .ARM.attributes
                0x00000914       0x1e c:/program files (x86)/atmel/studio/7.0/toolchain/arm/arm-gnu-toolchain/bin/../lib/gcc/arm-none-eabi/6.3.1/thumb/v7e-m\libgcc.a(_arm_cmpsf2.o)
 .ARM.attributes
                0x00000932       0x1e c:/program files (x86)/atmel/studio/7.0/toolchain/arm/arm-gnu-toolchain/bin/../lib/gcc/arm-none-eabi/6.3.1/thumb/v7e-m\libgcc.a(_arm_fixsfsi.o)
 .ARM.attributes
                0x00000950       0x1e c:/program files (x86)/atmel/studio/7.0/toolchain/arm/arm-gnu-toolchain/bin/../lib/gcc/arm-none-eabi/6.3.1/thumb/v7e-m/crtn.o

.comment        0x00000000       0x59
 .comment       0x00000000       0x59 src/ASF/common/services/sleepmgr/sam4l/sleepmgr.o
                                 0x5a (size before relaxing)
 .comment       0x00000059       0x5a src/ASF/sam/drivers/gpio/gpio.o
 .comment       0x00000059       0x5a src/ASF/sam/drivers/tc/tc.o
 .comment       0x00000059       0x5a src/ASF/sam/drivers/twim/twim.o
 .comment       0x00000059       0x5a src/ASF/sam/components/display/c42412a/c42412a_lcdca.o
 .comment       0x00000059       0x5a src/ASF/sam/drivers/pdca/pdca.o
 .comment       0x00000059       0x5a src/ASF/sam/drivers/lcdca/lcdca.o
 .comment       0x00000059       0x5a src/ASF/common/services/clock/sam4l/osc.o
 .comment       0x00000059       0x5a src/ASF/common/services/clock/sam4l/sysclk.o
 .comment       0x00000059       0x5a src/ASF/common/utils/interrupt/interrupt_sam_nvic.o
 .comment       0x00000059       0x5a src/ASF/sam/boards/sam4l8_xplained_pro/init.o
 .comment       0x00000059       0x5a src/ASF/sam/drivers/bpm/bpm.o
 .comment       0x00000059       0x5a src/ASF/sam/drivers/wdt/wdt_sam4l.o
 .comment       0x00000059       0x5a src/ASF/sam/utils/cmsis/sam4l/source/templates/exceptions.o
 .comment       0x00000059       0x5a src/ASF/sam/utils/cmsis/sam4l/source/templates/gcc/startup_sam4l.o
 .comment       0x00000059       0x5a src/ASF/sam/utils/syscalls/gcc/syscalls.o
 .comment       0x00000059       0x5a src/main.o

.debug_info     0x00000000    0x17ba6
 .debug_info    0x00000000      0xa9a src/ASF/common/services/sleepmgr/sam4l/sleepmgr.o
 .debug_info    0x00000a9a     0x1b01 src/ASF/sam/drivers/gpio/gpio.o
 .debug_info    0x0000259b     0x122b src/ASF/sam/drivers/tc/tc.o
 .debug_info    0x000037c6     0x1fbf src/ASF/sam/drivers/twim/twim.o
 .debug_info    0x00005785     0x14f8 src/ASF/sam/components/display/c42412a/c42412a_lcdca.o
 .debug_info    0x00006c7d     0x1dad src/ASF/sam/drivers/pdca/pdca.o
 .debug_info    0x00008a2a     0x27d0 src/ASF/sam/drivers/lcdca/lcdca.o
 .debug_info    0x0000b1fa     0x14a1 src/ASF/common/services/clock/sam4l/osc.o
 .debug_info    0x0000c69b     0x282f src/ASF/common/services/clock/sam4l/sysclk.o
 .debug_info    0x0000eeca      0xb04 src/ASF/common/utils/interrupt/interrupt_sam_nvic.o
 .debug_info    0x0000f9ce     0x1ade src/ASF/sam/boards/sam4l8_xplained_pro/init.o
 .debug_info    0x000114ac     0x1729 src/ASF/sam/drivers/bpm/bpm.o
 .debug_info    0x00012bd5      0xf86 src/ASF/sam/drivers/wdt/wdt_sam4l.o
 .debug_info    0x00013b5b       0xdd src/ASF/sam/utils/cmsis/sam4l/source/templates/exceptions.o
 .debug_info    0x00013c38      0x3c9 src/ASF/sam/utils/cmsis/sam4l/source/templates/gcc/startup_sam4l.o
 .debug_info    0x00014001      0xdbc src/ASF/sam/utils/syscalls/gcc/syscalls.o
 .debug_info    0x00014dbd     0x2de9 src/main.o

.debug_abbrev   0x00000000     0x2e37
 .debug_abbrev  0x00000000      0x1b2 src/ASF/common/services/sleepmgr/sam4l/sleepmgr.o
 .debug_abbrev  0x000001b2      0x2f8 src/ASF/sam/drivers/gpio/gpio.o
 .debug_abbrev  0x000004aa      0x257 src/ASF/sam/drivers/tc/tc.o
 .debug_abbrev  0x00000701      0x393 src/ASF/sam/drivers/twim/twim.o
 .debug_abbrev  0x00000a94      0x275 src/ASF/sam/components/display/c42412a/c42412a_lcdca.o
 .debug_abbrev  0x00000d09      0x386 src/ASF/sam/drivers/pdca/pdca.o
 .debug_abbrev  0x0000108f      0x407 src/ASF/sam/drivers/lcdca/lcdca.o
 .debug_abbrev  0x00001496      0x278 src/ASF/common/services/clock/sam4l/osc.o
 .debug_abbrev  0x0000170e      0x3d8 src/ASF/common/services/clock/sam4l/sysclk.o
 .debug_abbrev  0x00001ae6      0x223 src/ASF/common/utils/interrupt/interrupt_sam_nvic.o
 .debug_abbrev  0x00001d09      0x33c src/ASF/sam/boards/sam4l8_xplained_pro/init.o
 .debug_abbrev  0x00002045      0x2dd src/ASF/sam/drivers/bpm/bpm.o
 .debug_abbrev  0x00002322      0x2c0 src/ASF/sam/drivers/wdt/wdt_sam4l.o
 .debug_abbrev  0x000025e2       0x7d src/ASF/sam/utils/cmsis/sam4l/source/templates/exceptions.o
 .debug_abbrev  0x0000265f      0x11d src/ASF/sam/utils/cmsis/sam4l/source/templates/gcc/startup_sam4l.o
 .debug_abbrev  0x0000277c      0x22a src/ASF/sam/utils/syscalls/gcc/syscalls.o
 .debug_abbrev  0x000029a6      0x491 src/main.o

.debug_aranges  0x00000000      0xbb8
 .debug_aranges
                0x00000000       0x18 src/ASF/common/services/sleepmgr/sam4l/sleepmgr.o
 .debug_aranges
                0x00000018       0xb0 src/ASF/sam/drivers/gpio/gpio.o
 .debug_aranges
                0x000000c8       0xc0 src/ASF/sam/drivers/tc/tc.o
 .debug_aranges
                0x00000188      0x110 src/ASF/sam/drivers/twim/twim.o
 .debug_aranges
                0x00000298       0xd0 src/ASF/sam/components/display/c42412a/c42412a_lcdca.o
 .debug_aranges
                0x00000368      0x168 src/ASF/sam/drivers/pdca/pdca.o
 .debug_aranges
                0x000004d0      0x158 src/ASF/sam/drivers/lcdca/lcdca.o
 .debug_aranges
                0x00000628       0x90 src/ASF/common/services/clock/sam4l/osc.o
 .debug_aranges
                0x000006b8      0x188 src/ASF/common/services/clock/sam4l/sysclk.o
 .debug_aranges
                0x00000840       0x28 src/ASF/common/utils/interrupt/interrupt_sam_nvic.o
 .debug_aranges
                0x00000868       0x48 src/ASF/sam/boards/sam4l8_xplained_pro/init.o
 .debug_aranges
                0x000008b0       0xd8 src/ASF/sam/drivers/bpm/bpm.o
 .debug_aranges
                0x00000988       0x60 src/ASF/sam/drivers/wdt/wdt_sam4l.o
 .debug_aranges
                0x000009e8       0x20 src/ASF/sam/utils/cmsis/sam4l/source/templates/exceptions.o
 .debug_aranges
                0x00000a08       0x20 src/ASF/sam/utils/cmsis/sam4l/source/templates/gcc/startup_sam4l.o
 .debug_aranges
                0x00000a28       0x60 src/ASF/sam/utils/syscalls/gcc/syscalls.o
 .debug_aranges
                0x00000a88      0x130 src/main.o

.debug_macro    0x00000000    0x31c48
 .debug_macro   0x00000000      0x61b src/ASF/common/services/sleepmgr/sam4l/sleepmgr.o
 .debug_macro   0x0000061b      0x8da src/ASF/common/services/sleepmgr/sam4l/sleepmgr.o
 .debug_macro   0x00000ef5      0x16d src/ASF/common/services/sleepmgr/sam4l/sleepmgr.o
 .debug_macro   0x00001062      0x708 src/ASF/common/services/sleepmgr/sam4l/sleepmgr.o
 .debug_macro   0x0000176a       0x76 src/ASF/common/services/sleepmgr/sam4l/sleepmgr.o
 .debug_macro   0x000017e0       0x16 src/ASF/common/services/sleepmgr/sam4l/sleepmgr.o
 .debug_macro   0x000017f6      0x6da src/ASF/common/services/sleepmgr/sam4l/sleepmgr.o
 .debug_macro   0x00001ed0       0x22 src/ASF/common/services/sleepmgr/sam4l/sleepmgr.o
 .debug_macro   0x00001ef2       0x87 src/ASF/common/services/sleepmgr/sam4l/sleepmgr.o
 .debug_macro   0x00001f79       0x51 src/ASF/common/services/sleepmgr/sam4l/sleepmgr.o
 .debug_macro   0x00001fca       0xef src/ASF/common/services/sleepmgr/sam4l/sleepmgr.o
 .debug_macro   0x000020b9       0x6a src/ASF/common/services/sleepmgr/sam4l/sleepmgr.o
 .debug_macro   0x00002123      0x1df src/ASF/common/services/sleepmgr/sam4l/sleepmgr.o
 .debug_macro   0x00002302       0x64 src/ASF/common/services/sleepmgr/sam4l/sleepmgr.o
 .debug_macro   0x00002366       0x1c src/ASF/common/services/sleepmgr/sam4l/sleepmgr.o
 .debug_macro   0x00002382       0x22 src/ASF/common/services/sleepmgr/sam4l/sleepmgr.o
 .debug_macro   0x000023a4       0xdf src/ASF/common/services/sleepmgr/sam4l/sleepmgr.o
 .debug_macro   0x00002483     0x102d src/ASF/common/services/sleepmgr/sam4l/sleepmgr.o
 .debug_macro   0x000034b0      0x11f src/ASF/common/services/sleepmgr/sam4l/sleepmgr.o
 .debug_macro   0x000035cf      0x327 src/ASF/common/services/sleepmgr/sam4l/sleepmgr.o
 .debug_macro   0x000038f6      0x9a7 src/ASF/common/services/sleepmgr/sam4l/sleepmgr.o
 .debug_macro   0x0000429d      0x814 src/ASF/common/services/sleepmgr/sam4l/sleepmgr.o
 .debug_macro   0x00004ab1      0x306 src/ASF/common/services/sleepmgr/sam4l/sleepmgr.o
 .debug_macro   0x00004db7      0x90b src/ASF/common/services/sleepmgr/sam4l/sleepmgr.o
 .debug_macro   0x000056c2      0x4df src/ASF/common/services/sleepmgr/sam4l/sleepmgr.o
 .debug_macro   0x00005ba1      0xb28 src/ASF/common/services/sleepmgr/sam4l/sleepmgr.o
 .debug_macro   0x000066c9      0x500 src/ASF/common/services/sleepmgr/sam4l/sleepmgr.o
 .debug_macro   0x00006bc9      0x2bf src/ASF/common/services/sleepmgr/sam4l/sleepmgr.o
 .debug_macro   0x00006e88      0x284 src/ASF/common/services/sleepmgr/sam4l/sleepmgr.o
 .debug_macro   0x0000710c      0x1d7 src/ASF/common/services/sleepmgr/sam4l/sleepmgr.o
 .debug_macro   0x000072e3      0xde8 src/ASF/common/services/sleepmgr/sam4l/sleepmgr.o
 .debug_macro   0x000080cb      0x6ba src/ASF/common/services/sleepmgr/sam4l/sleepmgr.o
 .debug_macro   0x00008785      0x1eb src/ASF/common/services/sleepmgr/sam4l/sleepmgr.o
 .debug_macro   0x00008970       0xb8 src/ASF/common/services/sleepmgr/sam4l/sleepmgr.o
 .debug_macro   0x00008a28     0x8f0d src/ASF/common/services/sleepmgr/sam4l/sleepmgr.o
 .debug_macro   0x00011935      0x169 src/ASF/common/services/sleepmgr/sam4l/sleepmgr.o
 .debug_macro   0x00011a9e      0x416 src/ASF/common/services/sleepmgr/sam4l/sleepmgr.o
 .debug_macro   0x00011eb4      0x678 src/ASF/common/services/sleepmgr/sam4l/sleepmgr.o
 .debug_macro   0x0001252c      0x770 src/ASF/common/services/sleepmgr/sam4l/sleepmgr.o
 .debug_macro   0x00012c9c      0x211 src/ASF/common/services/sleepmgr/sam4l/sleepmgr.o
 .debug_macro   0x00012ead      0x526 src/ASF/common/services/sleepmgr/sam4l/sleepmgr.o
 .debug_macro   0x000133d3      0x4bb src/ASF/common/services/sleepmgr/sam4l/sleepmgr.o
 .debug_macro   0x0001388e      0x100 src/ASF/common/services/sleepmgr/sam4l/sleepmgr.o
 .debug_macro   0x0001398e      0xa26 src/ASF/common/services/sleepmgr/sam4l/sleepmgr.o
 .debug_macro   0x000143b4      0xbec src/ASF/common/services/sleepmgr/sam4l/sleepmgr.o
 .debug_macro   0x00014fa0      0x33c src/ASF/common/services/sleepmgr/sam4l/sleepmgr.o
 .debug_macro   0x000152dc      0x987 src/ASF/common/services/sleepmgr/sam4l/sleepmgr.o
 .debug_macro   0x00015c63      0xfe8 src/ASF/common/services/sleepmgr/sam4l/sleepmgr.o
 .debug_macro   0x00016c4b      0x10c src/ASF/common/services/sleepmgr/sam4l/sleepmgr.o
 .debug_macro   0x00016d57      0x909 src/ASF/common/services/sleepmgr/sam4l/sleepmgr.o
 .debug_macro   0x00017660      0x82b src/ASF/common/services/sleepmgr/sam4l/sleepmgr.o
 .debug_macro   0x00017e8b     0x3d6c src/ASF/common/services/sleepmgr/sam4l/sleepmgr.o
 .debug_macro   0x0001bbf7     0x64d1 src/ASF/common/services/sleepmgr/sam4l/sleepmgr.o
 .debug_macro   0x000220c8      0x209 src/ASF/common/services/sleepmgr/sam4l/sleepmgr.o
 .debug_macro   0x000222d1       0x64 src/ASF/common/services/sleepmgr/sam4l/sleepmgr.o
 .debug_macro   0x00022335       0x8e src/ASF/common/services/sleepmgr/sam4l/sleepmgr.o
 .debug_macro   0x000223c3       0xa6 src/ASF/common/services/sleepmgr/sam4l/sleepmgr.o
 .debug_macro   0x00022469       0xb8 src/ASF/common/services/sleepmgr/sam4l/sleepmgr.o
 .debug_macro   0x00022521       0xa6 src/ASF/common/services/sleepmgr/sam4l/sleepmgr.o
 .debug_macro   0x000225c7       0x9a src/ASF/common/services/sleepmgr/sam4l/sleepmgr.o
 .debug_macro   0x00022661      0x112 src/ASF/common/services/sleepmgr/sam4l/sleepmgr.o
 .debug_macro   0x00022773       0xa0 src/ASF/common/services/sleepmgr/sam4l/sleepmgr.o
 .debug_macro   0x00022813       0x16 src/ASF/common/services/sleepmgr/sam4l/sleepmgr.o
 .debug_macro   0x00022829       0x6a src/ASF/common/services/sleepmgr/sam4l/sleepmgr.o
 .debug_macro   0x00022893       0x58 src/ASF/common/services/sleepmgr/sam4l/sleepmgr.o
 .debug_macro   0x000228eb       0xa0 src/ASF/common/services/sleepmgr/sam4l/sleepmgr.o
 .debug_macro   0x0002298b       0x34 src/ASF/common/services/sleepmgr/sam4l/sleepmgr.o
 .debug_macro   0x000229bf      0x106 src/ASF/common/services/sleepmgr/sam4l/sleepmgr.o
 .debug_macro   0x00022ac5       0x3a src/ASF/common/services/sleepmgr/sam4l/sleepmgr.o
 .debug_macro   0x00022aff      0x830 src/ASF/common/services/sleepmgr/sam4l/sleepmgr.o
 .debug_macro   0x0002332f       0x40 src/ASF/common/services/sleepmgr/sam4l/sleepmgr.o
 .debug_macro   0x0002336f      0x2ad src/ASF/common/services/sleepmgr/sam4l/sleepmgr.o
 .debug_macro   0x0002361c       0x70 src/ASF/common/services/sleepmgr/sam4l/sleepmgr.o
 .debug_macro   0x0002368c       0xb2 src/ASF/common/services/sleepmgr/sam4l/sleepmgr.o
 .debug_macro   0x0002373e       0x46 src/ASF/common/services/sleepmgr/sam4l/sleepmgr.o
 .debug_macro   0x00023784      0x5c8 src/ASF/common/services/sleepmgr/sam4l/sleepmgr.o
 .debug_macro   0x00023d4c      0x380 src/ASF/common/services/sleepmgr/sam4l/sleepmgr.o
 .debug_macro   0x000240cc       0x28 src/ASF/common/services/sleepmgr/sam4l/sleepmgr.o
 .debug_macro   0x000240f4      0x142 src/ASF/common/services/sleepmgr/sam4l/sleepmgr.o
 .debug_macro   0x00024236      0x2c3 src/ASF/common/services/sleepmgr/sam4l/sleepmgr.o
 .debug_macro   0x000244f9       0x46 src/ASF/common/services/sleepmgr/sam4l/sleepmgr.o
 .debug_macro   0x0002453f       0x7c src/ASF/common/services/sleepmgr/sam4l/sleepmgr.o
 .debug_macro   0x000245bb      0x112 src/ASF/common/services/sleepmgr/sam4l/sleepmgr.o
 .debug_macro   0x000246cd      0x112 src/ASF/common/services/sleepmgr/sam4l/sleepmgr.o
 .debug_macro   0x000247df       0x34 src/ASF/common/services/sleepmgr/sam4l/sleepmgr.o
 .debug_macro   0x00024813       0x7c src/ASF/common/services/sleepmgr/sam4l/sleepmgr.o
 .debug_macro   0x0002488f       0x7c src/ASF/common/services/sleepmgr/sam4l/sleepmgr.o
 .debug_macro   0x0002490b       0x7c src/ASF/common/services/sleepmgr/sam4l/sleepmgr.o
 .debug_macro   0x00024987       0x7c src/ASF/common/services/sleepmgr/sam4l/sleepmgr.o
 .debug_macro   0x00024a03       0x76 src/ASF/common/services/sleepmgr/sam4l/sleepmgr.o
 .debug_macro   0x00024a79       0x76 src/ASF/common/services/sleepmgr/sam4l/sleepmgr.o
 .debug_macro   0x00024aef       0x9a src/ASF/common/services/sleepmgr/sam4l/sleepmgr.o
 .debug_macro   0x00024b89       0x9a src/ASF/common/services/sleepmgr/sam4l/sleepmgr.o
 .debug_macro   0x00024c23       0x9a src/ASF/common/services/sleepmgr/sam4l/sleepmgr.o
 .debug_macro   0x00024cbd       0x9a src/ASF/common/services/sleepmgr/sam4l/sleepmgr.o
 .debug_macro   0x00024d57      0x447 src/ASF/common/services/sleepmgr/sam4l/sleepmgr.o
 .debug_macro   0x0002519e       0x46 src/ASF/common/services/sleepmgr/sam4l/sleepmgr.o
 .debug_macro   0x000251e4      0x591 src/ASF/common/services/sleepmgr/sam4l/sleepmgr.o
 .debug_macro   0x00025775     0x2ee4 src/ASF/common/services/sleepmgr/sam4l/sleepmgr.o
 .debug_macro   0x00028659      0x146 src/ASF/common/services/sleepmgr/sam4l/sleepmgr.o
 .debug_macro   0x0002879f       0x58 src/ASF/common/services/sleepmgr/sam4l/sleepmgr.o
 .debug_macro   0x000287f7       0x35 src/ASF/common/services/sleepmgr/sam4l/sleepmgr.o
 .debug_macro   0x0002882c       0x9c src/ASF/common/services/sleepmgr/sam4l/sleepmgr.o
 .debug_macro   0x000288c8       0x16 src/ASF/common/services/sleepmgr/sam4l/sleepmgr.o
 .debug_macro   0x000288de       0x35 src/ASF/common/services/sleepmgr/sam4l/sleepmgr.o
 .debug_macro   0x00028913      0x34d src/ASF/common/services/sleepmgr/sam4l/sleepmgr.o
 .debug_macro   0x00028c60       0x10 src/ASF/common/services/sleepmgr/sam4l/sleepmgr.o
 .debug_macro   0x00028c70       0x58 src/ASF/common/services/sleepmgr/sam4l/sleepmgr.o
 .debug_macro   0x00028cc8       0x1f src/ASF/common/services/sleepmgr/sam4l/sleepmgr.o
 .debug_macro   0x00028ce7       0x43 src/ASF/common/services/sleepmgr/sam4l/sleepmgr.o
 .debug_macro   0x00028d2a       0x20 src/ASF/common/services/sleepmgr/sam4l/sleepmgr.o
 .debug_macro   0x00028d4a      0x187 src/ASF/common/services/sleepmgr/sam4l/sleepmgr.o
 .debug_macro   0x00028ed1       0x10 src/ASF/common/services/sleepmgr/sam4l/sleepmgr.o
 .debug_macro   0x00028ee1       0x1c src/ASF/common/services/sleepmgr/sam4l/sleepmgr.o
 .debug_macro   0x00028efd       0x52 src/ASF/common/services/sleepmgr/sam4l/sleepmgr.o
 .debug_macro   0x00028f4f       0x40 src/ASF/common/services/sleepmgr/sam4l/sleepmgr.o
 .debug_macro   0x00028f8f       0x10 src/ASF/common/services/sleepmgr/sam4l/sleepmgr.o
 .debug_macro   0x00028f9f       0x40 src/ASF/common/services/sleepmgr/sam4l/sleepmgr.o
 .debug_macro   0x00028fdf       0xd7 src/ASF/common/services/sleepmgr/sam4l/sleepmgr.o
 .debug_macro   0x000290b6       0x16 src/ASF/common/services/sleepmgr/sam4l/sleepmgr.o
 .debug_macro   0x000290cc      0x18b src/ASF/common/services/sleepmgr/sam4l/sleepmgr.o
 .debug_macro   0x00029257       0x22 src/ASF/common/services/sleepmgr/sam4l/sleepmgr.o
 .debug_macro   0x00029279       0x16 src/ASF/common/services/sleepmgr/sam4l/sleepmgr.o
 .debug_macro   0x0002928f       0x16 src/ASF/common/services/sleepmgr/sam4l/sleepmgr.o
 .debug_macro   0x000292a5       0x29 src/ASF/common/services/sleepmgr/sam4l/sleepmgr.o
 .debug_macro   0x000292ce       0x73 src/ASF/common/services/sleepmgr/sam4l/sleepmgr.o
 .debug_macro   0x00029341       0x3e src/ASF/common/services/sleepmgr/sam4l/sleepmgr.o
 .debug_macro   0x0002937f      0x3ca src/ASF/common/services/sleepmgr/sam4l/sleepmgr.o
 .debug_macro   0x00029749       0x10 src/ASF/common/services/sleepmgr/sam4l/sleepmgr.o
 .debug_macro   0x00029759       0xc9 src/ASF/common/services/sleepmgr/sam4l/sleepmgr.o
 .debug_macro   0x00029822      0x6cf src/ASF/sam/drivers/gpio/gpio.o
 .debug_macro   0x00029ef1       0x52 src/ASF/sam/drivers/gpio/gpio.o
 .debug_macro   0x00029f43      0x2d8 src/ASF/sam/drivers/gpio/gpio.o
 .debug_macro   0x0002a21b       0x5e src/ASF/sam/drivers/gpio/gpio.o
 .debug_macro   0x0002a279      0x95a src/ASF/sam/drivers/gpio/gpio.o
 .debug_macro   0x0002abd3      0x211 src/ASF/sam/drivers/gpio/gpio.o
 .debug_macro   0x0002ade4       0x6a src/ASF/sam/drivers/gpio/gpio.o
 .debug_macro   0x0002ae4e       0x10 src/ASF/sam/drivers/gpio/gpio.o
 .debug_macro   0x0002ae5e      0x130 src/ASF/sam/drivers/gpio/gpio.o
 .debug_macro   0x0002af8e       0x86 src/ASF/sam/drivers/gpio/gpio.o
 .debug_macro   0x0002b014       0x12 src/ASF/sam/drivers/gpio/gpio.o
 .debug_macro   0x0002b026       0x8e src/ASF/sam/drivers/gpio/gpio.o
 .debug_macro   0x0002b0b4      0x607 src/ASF/sam/drivers/tc/tc.o
 .debug_macro   0x0002b6bb       0x52 src/ASF/sam/drivers/tc/tc.o
 .debug_macro   0x0002b70d       0x8d src/ASF/sam/drivers/tc/tc.o
 .debug_macro   0x0002b79a       0x16 src/ASF/sam/drivers/tc/tc.o
 .debug_macro   0x0002b7b0       0x57 src/ASF/sam/drivers/tc/tc.o
 .debug_macro   0x0002b807       0x1c src/ASF/sam/drivers/tc/tc.o
 .debug_macro   0x0002b823      0x6f3 src/ASF/sam/drivers/twim/twim.o
 .debug_macro   0x0002bf16       0x5c src/ASF/sam/drivers/twim/twim.o
 .debug_macro   0x0002bf72      0x6f3 src/ASF/sam/components/display/c42412a/c42412a_lcdca.o
 .debug_macro   0x0002c665       0xa0 src/ASF/sam/components/display/c42412a/c42412a_lcdca.o
 .debug_macro   0x0002c705       0x10 src/ASF/sam/components/display/c42412a/c42412a_lcdca.o
 .debug_macro   0x0002c715       0x6a src/ASF/sam/components/display/c42412a/c42412a_lcdca.o
 .debug_macro   0x0002c77f      0x217 src/ASF/sam/components/display/c42412a/c42412a_lcdca.o
 .debug_macro   0x0002c996       0x10 src/ASF/sam/components/display/c42412a/c42412a_lcdca.o
 .debug_macro   0x0002c9a6       0x10 src/ASF/sam/components/display/c42412a/c42412a_lcdca.o
 .debug_macro   0x0002c9b6       0xac src/ASF/sam/components/display/c42412a/c42412a_lcdca.o
 .debug_macro   0x0002ca62      0x6d7 src/ASF/sam/drivers/pdca/pdca.o
 .debug_macro   0x0002d139      0x6ee src/ASF/sam/drivers/lcdca/lcdca.o
 .debug_macro   0x0002d827      0x641 src/ASF/common/services/clock/sam4l/osc.o
 .debug_macro   0x0002de68      0x2d2 src/ASF/common/services/clock/sam4l/osc.o
 .debug_macro   0x0002e13a      0x6e5 src/ASF/common/services/clock/sam4l/sysclk.o
 .debug_macro   0x0002e81f       0x47 src/ASF/common/services/clock/sam4l/sysclk.o
 .debug_macro   0x0002e866      0x5f1 src/ASF/common/utils/interrupt/interrupt_sam_nvic.o
 .debug_macro   0x0002ee57      0x6c8 src/ASF/sam/boards/sam4l8_xplained_pro/init.o
 .debug_macro   0x0002f51f       0x2e src/ASF/sam/boards/sam4l8_xplained_pro/init.o
 .debug_macro   0x0002f54d      0x5fb src/ASF/sam/drivers/bpm/bpm.o
 .debug_macro   0x0002fb48      0x6b8 src/ASF/sam/drivers/wdt/wdt_sam4l.o
 .debug_macro   0x00030200       0x28 src/ASF/sam/drivers/wdt/wdt_sam4l.o
 .debug_macro   0x00030228      0x3f4 src/ASF/sam/utils/cmsis/sam4l/source/templates/exceptions.o
 .debug_macro   0x0003061c      0x3f4 src/ASF/sam/utils/cmsis/sam4l/source/templates/gcc/startup_sam4l.o
 .debug_macro   0x00030a10      0x1d6 src/ASF/sam/utils/syscalls/gcc/syscalls.o
 .debug_macro   0x00030be6       0x97 src/ASF/sam/utils/syscalls/gcc/syscalls.o
 .debug_macro   0x00030c7d      0x353 src/ASF/sam/utils/syscalls/gcc/syscalls.o
 .debug_macro   0x00030fd0       0xf6 src/ASF/sam/utils/syscalls/gcc/syscalls.o
 .debug_macro   0x000310c6       0x4c src/ASF/sam/utils/syscalls/gcc/syscalls.o
 .debug_macro   0x00031112       0x16 src/ASF/sam/utils/syscalls/gcc/syscalls.o
 .debug_macro   0x00031128       0x10 src/ASF/sam/utils/syscalls/gcc/syscalls.o
 .debug_macro   0x00031138       0x10 src/ASF/sam/utils/syscalls/gcc/syscalls.o
 .debug_macro   0x00031148       0x35 src/ASF/sam/utils/syscalls/gcc/syscalls.o
 .debug_macro   0x0003117d      0x122 src/ASF/sam/utils/syscalls/gcc/syscalls.o
 .debug_macro   0x0003129f      0x81f src/main.o
 .debug_macro   0x00031abe       0x1c src/main.o
 .debug_macro   0x00031ada       0x62 src/main.o
 .debug_macro   0x00031b3c       0xa6 src/main.o
 .debug_macro   0x00031be2       0x40 src/main.o
 .debug_macro   0x00031c22       0x16 src/main.o
 .debug_macro   0x00031c38       0x10 src/main.o

.debug_line     0x00000000    0x10022
 .debug_line    0x00000000      0xcf0 src/ASF/common/services/sleepmgr/sam4l/sleepmgr.o
 .debug_line    0x00000cf0      0xfd7 src/ASF/sam/drivers/gpio/gpio.o
 .debug_line    0x00001cc7      0xe07 src/ASF/sam/drivers/tc/tc.o
 .debug_line    0x00002ace     0x13cc src/ASF/sam/drivers/twim/twim.o
 .debug_line    0x00003e9a     0x1079 src/ASF/sam/components/display/c42412a/c42412a_lcdca.o
 .debug_line    0x00004f13     0x11fd src/ASF/sam/drivers/pdca/pdca.o
 .debug_line    0x00006110     0x1339 src/ASF/sam/drivers/lcdca/lcdca.o
 .debug_line    0x00007449      0xeb6 src/ASF/common/services/clock/sam4l/osc.o
 .debug_line    0x000082ff     0x1466 src/ASF/common/services/clock/sam4l/sysclk.o
 .debug_line    0x00009765      0xca4 src/ASF/common/utils/interrupt/interrupt_sam_nvic.o
 .debug_line    0x0000a409      0xf46 src/ASF/sam/boards/sam4l8_xplained_pro/init.o
 .debug_line    0x0000b34f      0xed9 src/ASF/sam/drivers/bpm/bpm.o
 .debug_line    0x0000c228      0xf07 src/ASF/sam/drivers/wdt/wdt_sam4l.o
 .debug_line    0x0000d12f      0xa09 src/ASF/sam/utils/cmsis/sam4l/source/templates/exceptions.o
 .debug_line    0x0000db38      0xa53 src/ASF/sam/utils/cmsis/sam4l/source/templates/gcc/startup_sam4l.o
 .debug_line    0x0000e58b      0x417 src/ASF/sam/utils/syscalls/gcc/syscalls.o
 .debug_line    0x0000e9a2     0x1680 src/main.o

.debug_str      0x00000000    0xeaca0
 .debug_str     0x00000000    0xe0dac src/ASF/common/services/sleepmgr/sam4l/sleepmgr.o
                              0xe1649 (size before relaxing)
 .debug_str     0x000e0dac     0x51c8 src/ASF/sam/drivers/gpio/gpio.o
                              0xe631a (size before relaxing)